Archive member included to satisfy reference by file (symbol)

/opt/devkitpro/libctru/lib/libcitro2d.a(base.o)
                              main.o (C2D_Init)
/opt/devkitpro/libctru/lib/libcitro2d.a(render2d.shbin.o)
                              /opt/devkitpro/libctru/lib/libcitro2d.a(base.o) (render2d_shbin)
/opt/devkitpro/libctru/lib/libcitro3d.a(attribs.o)
                              /opt/devkitpro/libctru/lib/libcitro2d.a(base.o) (AttrInfo_Init)
/opt/devkitpro/libctru/lib/libcitro3d.a(base.o)
                              /opt/devkitpro/libctru/lib/libcitro3d.a(attribs.o) (__C3D_Context)
/opt/devkitpro/libctru/lib/libcitro3d.a(buffers.o)
                              /opt/devkitpro/libctru/lib/libcitro2d.a(base.o) (BufInfo_Init)
/opt/devkitpro/libctru/lib/libcitro3d.a(drawElements.o)
                              /opt/devkitpro/libctru/lib/libcitro2d.a(base.o) (C3D_DrawElements)
/opt/devkitpro/libctru/lib/libcitro3d.a(effect.o)
                              /opt/devkitpro/libctru/lib/libcitro3d.a(base.o) (C3D_DepthMap)
/opt/devkitpro/libctru/lib/libcitro3d.a(framebuffer.o)
                              /opt/devkitpro/libctru/lib/libcitro3d.a(base.o) (C3Di_FrameBufBind)
/opt/devkitpro/libctru/lib/libcitro3d.a(immediate.o)
                              /opt/devkitpro/libctru/lib/libcitro3d.a(base.o) (C3D_ImmSendAttrib)
/opt/devkitpro/libctru/lib/libcitro3d.a(proctex.o)
                              /opt/devkitpro/libctru/lib/libcitro2d.a(base.o) (C3D_ProcTexInit)
/opt/devkitpro/libctru/lib/libcitro3d.a(renderqueue.o)
                              /opt/devkitpro/libctru/lib/libcitro3d.a(base.o) (C3Di_RenderQueueEnableVBlank)
/opt/devkitpro/libctru/lib/libcitro3d.a(texenv.o)
                              /opt/devkitpro/libctru/lib/libcitro2d.a(base.o) (C3D_GetTexEnv)
/opt/devkitpro/libctru/lib/libcitro3d.a(texture.o)
                              image_texture.o (C3D_TexInitWithParams)
/opt/devkitpro/libctru/lib/libcitro3d.a(uniforms.o)
                              /opt/devkitpro/libctru/lib/libcitro3d.a(base.o) (C3D_UpdateUniforms)
/opt/devkitpro/libctru/lib/libcitro3d.a(mtx_multiply.o)
                              /opt/devkitpro/libctru/lib/libcitro2d.a(base.o) (Mtx_Multiply)
/opt/devkitpro/libctru/lib/libcitro3d.a(mtx_ortho.o)
                              /opt/devkitpro/libctru/lib/libcitro2d.a(base.o) (Mtx_Ortho)
/opt/devkitpro/libctru/lib/libcitro3d.a(mtx_orthotilt.o)
                              /opt/devkitpro/libctru/lib/libcitro2d.a(base.o) (Mtx_OrthoTilt)
/opt/devkitpro/libctru/lib/libcitro3d.a(mtx_rotatez.o)
                              /opt/devkitpro/libctru/lib/libcitro2d.a(base.o) (Mtx_RotateZ)
/opt/devkitpro/libctru/lib/libcitro3d.a(mtx_scale.o)
                              /opt/devkitpro/libctru/lib/libcitro2d.a(base.o) (Mtx_Scale)
/opt/devkitpro/libctru/lib/libcitro3d.a(mtx_translate.o)
                              /opt/devkitpro/libctru/lib/libcitro2d.a(base.o) (Mtx_Translate)
/opt/devkitpro/libctru/lib/libctru.a(linear.o)
                              audio_player.o (linearAlloc)
/opt/devkitpro/libctru/lib/libctru.a(mem_pool.o)
                              /opt/devkitpro/libctru/lib/libctru.a(linear.o) (MemPool::Allocate(MemChunk&, unsigned long, int))
/opt/devkitpro/libctru/lib/libctru.a(vram.o)
                              /opt/devkitpro/libctru/lib/libcitro3d.a(renderqueue.o) (vramAlloc)
/opt/devkitpro/libctru/lib/libctru.a(console.o)
                              main.o (consoleInit)
/opt/devkitpro/libctru/lib/libctru.a(gfx.o)
                              /opt/devkitpro/libctru/lib/libcitro2d.a(base.o) (gfxIsWide)
/opt/devkitpro/libctru/lib/libctru.a(os.o)
                              /opt/devkitpro/libctru/lib/libcitro3d.a(buffers.o) (osConvertVirtToPhys)
/opt/devkitpro/libctru/lib/libctru.a(gpu.o)
                              /opt/devkitpro/libctru/lib/libcitro3d.a(renderqueue.o) (gpuCmdBuf)
/opt/devkitpro/libctru/lib/libctru.a(gx.o)
                              /opt/devkitpro/libctru/lib/libcitro3d.a(renderqueue.o) (GX_BindQueue)
/opt/devkitpro/libctru/lib/libctru.a(gxqueue.o)
                              /opt/devkitpro/libctru/lib/libcitro3d.a(renderqueue.o) (gxCmdQueueClear)
/opt/devkitpro/libctru/lib/libctru.a(shaderProgram.o)
                              /opt/devkitpro/libctru/lib/libcitro2d.a(base.o) (shaderInstanceGetUniformLocation)
/opt/devkitpro/libctru/lib/libctru.a(shbin.o)
                              /opt/devkitpro/libctru/lib/libcitro2d.a(base.o) (DVLB_ParseFile)
/opt/devkitpro/libctru/lib/libctru.a(ndsp.o)
                              main.o (ndspInit)
/opt/devkitpro/libctru/lib/libctru.a(ndsp-channel.o)
                              audio_player.o (ndspChnGetSamplePos)
/opt/devkitpro/libctru/lib/libctru.a(apt.o)
                              /opt/devkitpro/libctru/lib/libcitro3d.a(base.o) (aptHook)
/opt/devkitpro/libctru/lib/libctru.a(cfgu.o)
                              /opt/devkitpro/libctru/lib/libctru.a(ndsp.o) (cfguInit)
[...]
Memory Configuration

Name             Origin             Length             Attributes
*default*        0x00000000         0xffffffff

Linker script and memory map

                0x00000000                        __sync_synchronize = __sync_synchronize_dmb
                0x00100000                        PROVIDE (__start__ = 0x100000)
                0x00100000                        . = __start__

.text           0x00100000    0x281a8
 *(.crt0)
 .crt0          0x00100000       0x94 /opt/devkitpro/devkitARM/bin/../lib/gcc/arm-none-eabi/15.1.0/../../../../arm-none-eabi/lib/armv6k/fpu/3dsx_crt0.o
                0x00100000                _start
                0x00100008                __service_ptr
                0x0010000c                __apt_appid
                0x00100010                __heap_size
                0x00100014                __linear_heap_size
                0x00100018                __system_arglist
                0x0010001c                __system_runflags
 *(.init)
 .init          0x00100094        0xc /opt/devkitpro/devkitARM/bin/../lib/gcc/arm-none-eabi/15.1.0/armv6k/fpu/crti.o
                0x00100094                _init
 .init          0x001000a0        0xc /opt/devkitpro/devkitARM/bin/../lib/gcc/arm-none-eabi/15.1.0/armv6k/fpu/crtn.o
                0x001000ac                        . = ALIGN (0x4)
 *(.text)
 .text          0x001000ac      0x20c /opt/devkitpro/devkitARM/bin/../lib/gcc/arm-none-eabi/15.1.0/armv6k/fpu/libgcc.a(_udivsi3.o)
                0x001000ac                __udivsi3
                0x001000ac                __aeabi_uidiv
                0x00100298                __aeabi_uidivmod
 .text          0x001002b8      0x240 /opt/devkitpro/devkitARM/bin/../lib/gcc/arm-none-eabi/15.1.0/armv6k/fpu/libgcc.a(_divsi3.o)
                0x001002b8                __aeabi_idiv
                0x001002b8                __divsi3
                0x001004d8                __aeabi_idivmod
 .text          0x001004f8        0x4 /opt/devkitpro/devkitARM/bin/../lib/gcc/arm-none-eabi/15.1.0/armv6k/fpu/libgcc.a(_dvmd_tls.o)
                0x001004f8                __aeabi_ldiv0
                0x001004f8                __aeabi_idiv0
 .text          0x001004fc      0x3c0 /opt/devkitpro/devkitARM/bin/../lib/gcc/arm-none-eabi/15.1.0/armv6k/fpu/libgcc.a(_arm_addsubdf3.o)
                0x001004fc                __aeabi_drsub
                0x00100504                __aeabi_dsub
                0x00100504                __subdf3
                0x00100508                __adddf3
                0x00100508                __aeabi_dadd
                0x001007b4                __aeabi_ui2d
                0x001007b4                __floatunsidf
                0x001007d8                __floatsidf
                0x001007d8                __aeabi_i2d
                0x00100800                __extendsfdf2
                0x00100800                __aeabi_f2d
                0x00100848                __aeabi_ul2d
                0x00100848                __floatundidf
                0x0010085c                __floatdidf
                0x0010085c                __aeabi_l2d
 .text          0x001008bc       0x3c /opt/devkitpro/devkitARM/bin/../lib/gcc/arm-none-eabi/15.1.0/armv6k/fpu/libgcc.a(_aeabi_uldivmod.o)
                0x001008bc                __aeabi_uldivmod
 *fill*         0x001008f8        0x8 
 .text          0x00100900      0x390 /opt/devkitpro/devkitARM/bin/../lib/gcc/arm-none-eabi/15.1.0/../../../../arm-none-eabi/lib/armv6k/fpu/libg.a(libc_a-strcmp.o)
                0x00100908                strcmp
 *(.text.*)
 .text.__do_global_dtors_aux
                0x00100c90       0x50 /opt/devkitpro/devkitARM/bin/../lib/gcc/arm-none-eabi/15.1.0/armv6k/fpu/crtbegin.o
 .text.frame_dummy
                0x00100ce0       0x2c /opt/devkitpro/devkitARM/bin/../lib/gcc/arm-none-eabi/15.1.0/armv6k/fpu/crtbegin.o
 .text.startup.main
                0x00100d0c      0x11c main.o
                0x00100d0c                main
 .text.state_manager_init
                0x00100e28       0x68 state_manager.o
                0x00100e28                state_manager_init
 .text.state_manager_shutdown
                0x00100e90       0x34 state_manager.o
                0x00100e90                state_manager_shutdown
 .text.state_manager_transition
                0x00100ec4       0x10 state_manager.o
                0x00100ec4                state_manager_transition
 .text.state_manager_apply_transition
                0x00100ed4       0x90 state_manager.o
                0x00100ed4                state_manager_apply_transition
 .text.state_manager_update
                0x00100f64       0x2c state_manager.o
                0x00100f64                state_manager_update
 .text.state_manager_render_top
                0x00100f90       0x3c state_manager.o
                0x00100f90                state_manager_render_top
 .text.state_manager_render_bottom
                0x00100fcc       0x2c state_manager.o
                0x00100fcc                state_manager_render_bottom
 .text.filter_select_exit
                0x00100ff8        0x4 state_filter_select.o
 .text.update_bottom_text
                0x00100ffc       0xa8 state_filter_select.o
 .text.filter_select_update
                0x001010a4       0xcc state_filter_select.o
 .text.filter_select_enter
                0x00101170        0x8 state_filter_select.o
 .text.filter_select_render_bottom
                0x00101178        0x4 state_filter_select.o
 .text.filter_select_render_top
                0x0010117c      0x144 state_filter_select.o
 .text.state_filter_select_create
                0x001012c0        0xc state_filter_select.o
                0x001012c0                state_filter_select_create
 .text.frame_select_exit
                0x001012cc        0x4 state_frame_select.o
 .text.update_bottom_text
                0x001012d0       0xc0 state_frame_select.o
 .text.frame_select_update
                0x00101390       0xc4 state_frame_select.o
 .text.frame_select_enter
                0x00101454        0x8 state_frame_select.o
 .text.frame_select_render_bottom
                0x0010145c        0x4 state_frame_select.o
 .text.frame_select_render_top
                0x00101460      0x178 state_frame_select.o
 .text.state_frame_select_create
                0x001015d8        0xc state_frame_select.o
                0x001015d8                state_frame_select_create
 .text.main_menu_exit
                0x001015e4        0x4 state_main_menu.o
 .text.main_menu_update
                0x001015e8       0x48 state_main_menu.o
 .text.main_menu_enter
                0x00101630       0x6c state_main_menu.o
 .text.main_menu_render_bottom
                0x0010169c        0x4 state_main_menu.o
 .text.main_menu_render_top
                0x001016a0      0x160 state_main_menu.o
 .text.state_main_menu_create
                0x00101800        0xc state_main_menu.o
                0x00101800                state_main_menu_create
 .text.music_select_exit
                0x0010180c        0x4 state_music_select.o
 .text.redraw_list.isra.0
                0x00101810      0x104 state_music_select.o
 .text.music_select_enter
                0x00101914       0x2c state_music_select.o
 .text.music_select_update
                0x00101940      0x13c state_music_select.o
 .text.music_select_render_bottom
                0x00101a7c        0x4 state_music_select.o
 .text.music_select_render_top
                0x00101a80      0x178 state_music_select.o
 .text.state_music_select_create
                0x00101bf8        0xc state_music_select.o
                0x00101bf8                state_music_select_create
 .text.photo_review_exit
                0x00101c04        0x4 state_photo_review.o
 .text.photo_review_enter
                0x00101c08       0xc4 state_photo_review.o
 .text.photo_review_update
                0x00101ccc       0x64 state_photo_review.o
 .text.photo_review_render_bottom
                0x00101d30        0x4 state_photo_review.o
 .text.photo_review_render_top
                0x00101d34      0x144 state_photo_review.o
 .text.state_photo_review_create
                0x00101e78        0xc state_photo_review.o
                0x00101e78                state_photo_review_create
 .text.playback_view_exit
                0x00101e84        0x4 state_playback_view.o
 .text.playback_view_render_bottom
                0x00101e88      0x1fc state_playback_view.o
 .text.playback_view_update
                0x00102084       0x84 state_playback_view.o
 .text.playback_view_enter
                0x00102108       0x38 state_playback_view.o
 .text.playback_view_render_top
                0x00102140      0x174 state_playback_view.o
 .text.state_playback_view_create
                0x001022b4        0xc state_playback_view.o
                0x001022b4                state_playback_view_create
 .text.image_buffer_create
                0x001022c0       0x58 image_buffer.o
                0x001022c0                image_buffer_create
 .text.image_buffer_destroy
                0x00102318       0x2c image_buffer.o
                0x00102318                image_buffer_destroy
 .text.image_buffer_create_test_pattern
                0x00102344      0x26c image_buffer.o
                0x00102344                image_buffer_create_test_pattern
 .text.filter_grayscale
                0x001025b0       0x80 image_filters.o
 .text.filter_sepia
                0x00102630       0x94 image_filters.o
 .text.filter_warm
                0x001026c4       0x70 image_filters.o
 .text.filter_faded
                0x00102734       0x88 image_filters.o
 .text.filter_none
                0x001027bc       0x20 image_filters.o
 .text.image_filter_name
                0x001027dc       0x1c image_filters.o
                0x001027dc                image_filter_name
 .text.image_filter_apply
                0x001027f8       0x2c image_filters.o
                0x001027f8                image_filter_apply
 .text.frame_polaroid
                0x00102824       0xec image_frames.o
 .text.frame_film_strip
                0x00102910      0x1a0 image_frames.o
 .text.frame_classic_gold
                0x00102ab0      0x264 image_frames.o
 .text.frame_vintage_wood
                0x00102d14      0x2e0 image_frames.o
 .text.image_frame_name
                0x00102ff4       0x1c image_frames.o
                0x00102ff4                image_frame_name
 .text.image_frame_draw
                0x00103010       0x28 image_frames.o
                0x00103010                image_frame_draw
 .text.image_texture_upload
                0x00103038      0x234 image_texture.o
                0x00103038                image_texture_upload
 .text.image_texture_cleanup
                0x0010326c       0x38 image_texture.o
                0x0010326c                image_texture_cleanup
 .text.scene_model_init
                0x001032a4        0xc scene_model.o
                0x001032a4                scene_model_init
 .text.scene_model_cleanup
                0x001032b0       0x40 scene_model.o
                0x001032b0                scene_model_cleanup
 .text.scene_model_load_test_image
                0x001032f0       0xd4 scene_model.o
                0x001032f0                scene_model_load_test_image
 .text.scene_model_apply_filter
                0x001033c4       0x4c scene_model.o
                0x001033c4                scene_model_apply_filter
 .text.audio_player_play.part.0
                0x00103410       0xc4 audio_player.o
 .text.audio_player_init
                0x001034d4        0xc audio_player.o
                0x001034d4                audio_player_init
 .text.audio_player_shutdown
                0x001034e0       0x78 audio_player.o
                0x001034e0                audio_player_shutdown
 .text.audio_player_load
                0x00103558      0x344 audio_player.o
                0x00103558                audio_player_load
 .text.audio_player_play
                0x0010389c       0x1c audio_player.o
                0x0010389c                audio_player_play
 .text.audio_player_stop
                0x001038b8       0x38 audio_player.o
                0x001038b8                audio_player_stop
 .text.audio_player_toggle_pause
                0x001038f0       0x34 audio_player.o
                0x001038f0                audio_player_toggle_pause
 .text.audio_player_seek
                0x00103924       0xfc audio_player.o
                0x00103924                audio_player_seek
 .text.audio_player_position_sec
                0x00103a20       0x88 audio_player.o
                0x00103a20                audio_player_position_sec
 .text.audio_player_duration_sec
                0x00103aa8       0x3c audio_player.o
                0x00103aa8                audio_player_duration_sec
 .text.audio_player_finished
                0x00103ae4       0x2c audio_player.o
                0x00103ae4                audio_player_finished
 .text.music_library_scan
                0x00103b10       0xe8 music_library.o
                0x00103b10                music_library_scan
 .text.music_library_get_path
                0x00103bf8       0x68 music_library.o
                0x00103bf8                music_library_get_path
 .text.C2Di_FrameEndHook
                0x00103c60       0x44 /opt/devkitpro/libctru/lib/libcitro2d.a(base.o)
 *fill*         0x00103ca4        0x4 
 .text.C2D_Init
                0x00103ca8      0x36c /opt/devkitpro/libctru/lib/libcitro2d.a(base.o)
                0x00103ca8                C2D_Init
 .text.C2D_Fini
                0x00104014       0x4c /opt/devkitpro/libctru/lib/libcitro2d.a(base.o)
                0x00104014                C2D_Fini
 .text.C2D_Prepare
                0x00104060       0xb8 /opt/devkitpro/libctru/lib/libcitro2d.a(base.o)
                0x00104060                C2D_Prepare
 .text.C2D_Flush
                0x00104118       0x48 /opt/devkitpro/libctru/lib/libcitro2d.a(base.o)
                0x00104118                C2D_Flush
 .text.C2D_SceneSize
                0x00104160      0x104 /opt/devkitpro/libctru/lib/libcitro2d.a(base.o)
                0x00104160                C2D_SceneSize
 .text.C2D_CreateScreenTarget
                0x00104264       0x58 /opt/devkitpro/libctru/lib/libcitro2d.a(base.o)
                0x00104264                C2D_CreateScreenTarget
 .text.C2D_TargetClear
                0x001042bc       0x64 /opt/devkitpro/libctru/lib/libcitro2d.a(base.o)
                0x001042bc                C2D_TargetClear
 .text.C2Di_CalcQuad
                0x00104320      0x13c /opt/devkitpro/libctru/lib/libcitro2d.a(base.o)
                0x00104320                C2Di_CalcQuad
 .text.C2Di_AppendQuad
                0x0010445c       0x58 /opt/devkitpro/libctru/lib/libcitro2d.a(base.o)
                0x0010445c                C2Di_AppendQuad
 .text.C2Di_Update
                0x001044b4      0x550 /opt/devkitpro/libctru/lib/libcitro2d.a(base.o)
                0x001044b4                C2Di_Update
 .text.C2D_DrawImage
                0x00104a04      0x2b0 /opt/devkitpro/libctru/lib/libcitro2d.a(base.o)
                0x00104a04                C2D_DrawImage
 .text.C2D_DrawRectangle
                0x00104cb4      0x158 /opt/devkitpro/libctru/lib/libcitro2d.a(base.o)
                0x00104cb4                C2D_DrawRectangle
 .text.AttrInfo_Init
                0x00104e0c       0x28 /opt/devkitpro/libctru/lib/libcitro3d.a(attribs.o)
                0x00104e0c                AttrInfo_Init
 .text.AttrInfo_AddLoader
                0x00104e34       0x94 /opt/devkitpro/libctru/lib/libcitro3d.a(attribs.o)
                0x00104e34                AttrInfo_AddLoader
 .text.C3D_SetAttrInfo
                0x00104ec8       0x54 /opt/devkitpro/libctru/lib/libcitro3d.a(attribs.o)
                0x00104ec8                C3D_SetAttrInfo
 .text.C3Di_AttrInfoBind
                0x00104f1c       0x80 /opt/devkitpro/libctru/lib/libcitro3d.a(attribs.o)
                0x00104f1c                C3Di_AttrInfoBind
 .text.C3Di_LightEnvUpdate
                0x00104f9c        0x4 /opt/devkitpro/libctru/lib/libcitro3d.a(base.o)
                0x00104f9c                C3Di_LightEnvUpdate
 .text.C3Di_LightEnvDirty
                0x00104fa0        0x4 /opt/devkitpro/libctru/lib/libcitro3d.a(base.o)
                0x00104fa0                C3Di_LightEnvDirty
 .text.C3Di_AptEventHook
                0x00104fa4       0xb4 /opt/devkitpro/libctru/lib/libcitro3d.a(base.o)
 .text.C3Di_GasUpdate
                0x00105058        0x4 /opt/devkitpro/libctru/lib/libcitro3d.a(base.o)
                0x00105058                C3Di_GasUpdate
 .text.C3D_Init
                0x0010505c      0x1d0 /opt/devkitpro/libctru/lib/libcitro3d.a(base.o)
                0x0010505c                C3D_Init
 .text.C3D_SetViewport
                0x0010522c       0x98 /opt/devkitpro/libctru/lib/libcitro3d.a(base.o)
                0x0010522c                C3D_SetViewport
 .text.C3Di_UpdateContext
                0x001052c4      0x4e8 /opt/devkitpro/libctru/lib/libcitro3d.a(base.o)
                0x001052c4                C3Di_UpdateContext
 .text.C3Di_SplitFrame
                0x001057ac       0xe0 /opt/devkitpro/libctru/lib/libcitro3d.a(base.o)
                0x001057ac                C3Di_SplitFrame
 .text.C3D_Fini
                0x0010588c       0x44 /opt/devkitpro/libctru/lib/libcitro3d.a(base.o)
                0x0010588c                C3D_Fini
 .text.C3D_BindProgram
                0x001058d0      0x194 /opt/devkitpro/libctru/lib/libcitro3d.a(base.o)
                0x001058d0                C3D_BindProgram
 .text.BufInfo_Init
                0x00105a64       0x24 /opt/devkitpro/libctru/lib/libcitro3d.a(buffers.o)
                0x00105a64                BufInfo_Init
 .text.BufInfo_Add
                0x00105a88       0x80 /opt/devkitpro/libctru/lib/libcitro3d.a(buffers.o)
                0x00105a88                BufInfo_Add
 .text.C3D_SetBufInfo
                0x00105b08       0x3c /opt/devkitpro/libctru/lib/libcitro3d.a(buffers.o)
                0x00105b08                C3D_SetBufInfo
 .text.C3Di_BufInfoBind
                0x00105b44       0x48 /opt/devkitpro/libctru/lib/libcitro3d.a(buffers.o)
                0x00105b44                C3Di_BufInfoBind
 .text.C3D_DrawElements
                0x00105b8c      0x21c /opt/devkitpro/libctru/lib/libcitro3d.a(drawElements.o)
                0x00105b8c                C3D_DrawElements
 .text.C3D_DepthMap
                0x00105da8       0x40 /opt/devkitpro/libctru/lib/libcitro3d.a(effect.o)
                0x00105da8                C3D_DepthMap
 .text.C3D_CullFace
                0x00105de8       0x1c /opt/devkitpro/libctru/lib/libcitro3d.a(effect.o)
                0x00105de8                C3D_CullFace
 .text.C3D_StencilTest
                0x00105e04       0x40 /opt/devkitpro/libctru/lib/libcitro3d.a(effect.o)
                0x00105e04                C3D_StencilTest
 .text.C3D_StencilOp
                0x00105e44       0x24 /opt/devkitpro/libctru/lib/libcitro3d.a(effect.o)
                0x00105e44                C3D_StencilOp
 .text.C3D_BlendingColor
                0x00105e68       0x1c /opt/devkitpro/libctru/lib/libcitro3d.a(effect.o)
                0x00105e68                C3D_BlendingColor
 .text.C3D_EarlyDepthTest
                0x00105e84       0x24 /opt/devkitpro/libctru/lib/libcitro3d.a(effect.o)
                0x00105e84                C3D_EarlyDepthTest
 .text.C3D_DepthTest
                0x00105ea8       0x2c /opt/devkitpro/libctru/lib/libcitro3d.a(effect.o)
                0x00105ea8                C3D_DepthTest
 .text.C3D_AlphaTest
                0x00105ed4       0x2c /opt/devkitpro/libctru/lib/libcitro3d.a(effect.o)
                0x00105ed4                C3D_AlphaTest
 .text.C3D_AlphaBlend
                0x00105f00       0x50 /opt/devkitpro/libctru/lib/libcitro3d.a(effect.o)
                0x00105f00                C3D_AlphaBlend
 .text.C3D_FragOpMode
                0x00105f50       0x30 /opt/devkitpro/libctru/lib/libcitro3d.a(effect.o)
                0x00105f50                C3D_FragOpMode
 .text.C3D_FragOpShadow
                0x00105f80       0x44 /opt/devkitpro/libctru/lib/libcitro3d.a(effect.o)
                0x00105f80                C3D_FragOpShadow
 .text.C3Di_EffectBind
                0x00105fc4      0x1ac /opt/devkitpro/libctru/lib/libcitro3d.a(effect.o)
                0x00105fc4                C3Di_EffectBind
 .text.C3D_CalcColorBufSize
                0x00106170       0x1c /opt/devkitpro/libctru/lib/libcitro3d.a(framebuffer.o)
                0x00106170                C3D_CalcColorBufSize
 .text.C3D_CalcDepthBufSize
                0x0010618c       0x1c /opt/devkitpro/libctru/lib/libcitro3d.a(framebuffer.o)
                0x0010618c                C3D_CalcDepthBufSize
 .text.C3D_SetFrameBuf
                0x001061a8       0x44 /opt/devkitpro/libctru/lib/libcitro3d.a(framebuffer.o)
                0x001061a8                C3D_SetFrameBuf
 .text.C3Di_FrameBufBind
                0x001061ec      0x16c /opt/devkitpro/libctru/lib/libcitro3d.a(framebuffer.o)
                0x001061ec                C3Di_FrameBufBind
 .text.C3D_FrameBufClear
                0x00106358       0xc8 /opt/devkitpro/libctru/lib/libcitro3d.a(framebuffer.o)
                0x00106358                C3D_FrameBufClear
 .text.C3D_FrameBufTransfer
                0x00106420       0x44 /opt/devkitpro/libctru/lib/libcitro3d.a(framebuffer.o)
                0x00106420                C3D_FrameBufTransfer
 .text.C3D_ImmSendAttrib
                0x00106464       0xa8 /opt/devkitpro/libctru/lib/libcitro3d.a(immediate.o)
                0x00106464                C3D_ImmSendAttrib
 .text.C3D_ProcTexInit
                0x0010650c       0x70 /opt/devkitpro/libctru/lib/libcitro3d.a(proctex.o)
                0x0010650c                C3D_ProcTexInit
 .text.C3D_ProcTexBind
                0x0010657c       0x54 /opt/devkitpro/libctru/lib/libcitro3d.a(proctex.o)
                0x0010657c                C3D_ProcTexBind
 .text.C3D_ProcTexLutBind
                0x001065d0       0x5c /opt/devkitpro/libctru/lib/libcitro3d.a(proctex.o)
                0x001065d0                C3D_ProcTexLutBind
 .text.ProcTexLut_FromArray
                0x0010662c       0xa4 /opt/devkitpro/libctru/lib/libcitro3d.a(proctex.o)
                0x0010662c                ProcTexLut_FromArray
 .text.C3Di_ProcTexUpdate
                0x001066d0      0x178 /opt/devkitpro/libctru/lib/libcitro3d.a(proctex.o)
                0x001066d0                C3Di_ProcTexUpdate
 .text.C3Di_ProcTexDirty
                0x00106848       0x68 /opt/devkitpro/libctru/lib/libcitro3d.a(proctex.o)
                0x00106848                C3Di_ProcTexDirty
 .text.onVBlank0
                0x001068b0       0x4c /opt/devkitpro/libctru/lib/libcitro3d.a(renderqueue.o)
 .text.onVBlank1
                0x001068fc       0x4c /opt/devkitpro/libctru/lib/libcitro3d.a(renderqueue.o)
 .text.C3Di_RenderTargetDestroy
                0x00106948       0x80 /opt/devkitpro/libctru/lib/libcitro3d.a(renderqueue.o)
 .text.onQueueFinish
                0x001069c8       0xf4 /opt/devkitpro/libctru/lib/libcitro3d.a(renderqueue.o)
 .text.C3Di_RenderQueueEnableVBlank
                0x00106abc       0x38 /opt/devkitpro/libctru/lib/libcitro3d.a(renderqueue.o)
                0x00106abc                C3Di_RenderQueueEnableVBlank
 .text.C3Di_RenderQueueDisableVBlank
                0x00106af4       0x30 /opt/devkitpro/libctru/lib/libcitro3d.a(renderqueue.o)
                0x00106af4                C3Di_RenderQueueDisableVBlank
 .text.C3Di_RenderQueueInit
                0x00106b24       0x60 /opt/devkitpro/libctru/lib/libcitro3d.a(renderqueue.o)
                0x00106b24                C3Di_RenderQueueInit
 .text.C3Di_RenderQueueExit
                0x00106b84       0xb4 /opt/devkitpro/libctru/lib/libcitro3d.a(renderqueue.o)
                0x00106b84                C3Di_RenderQueueExit
 .text.C3Di_RenderQueueWaitDone
                0x00106c38       0x34 /opt/devkitpro/libctru/lib/libcitro3d.a(renderqueue.o)
                0x00106c38                C3Di_RenderQueueWaitDone
 .text.C3D_FrameBegin
                0x00106c6c       0xe8 /opt/devkitpro/libctru/lib/libcitro3d.a(renderqueue.o)
                0x00106c6c                C3D_FrameBegin
 .text.C3D_FrameDrawOn
                0x00106d54       0x48 /opt/devkitpro/libctru/lib/libcitro3d.a(renderqueue.o)
                0x00106d54                C3D_FrameDrawOn
 .text.C3D_FrameSplit
                0x00106d9c       0x58 /opt/devkitpro/libctru/lib/libcitro3d.a(renderqueue.o)
                0x00106d9c                C3D_FrameSplit
 .text.C3D_FrameEnd
                0x00106df4      0x1d0 /opt/devkitpro/libctru/lib/libcitro3d.a(renderqueue.o)
                0x00106df4                C3D_FrameEnd
 .text.C3D_FrameEndHook
                0x00106fc4       0x1c /opt/devkitpro/libctru/lib/libcitro3d.a(renderqueue.o)
                0x00106fc4                C3D_FrameEndHook
 .text.C3D_RenderTargetCreate
                0x00106fe0      0x170 /opt/devkitpro/libctru/lib/libcitro3d.a(renderqueue.o)
                0x00106fe0                C3D_RenderTargetCreate
 .text.C3D_RenderTargetSetOutput
                0x00107150       0xa8 /opt/devkitpro/libctru/lib/libcitro3d.a(renderqueue.o)
                0x00107150                C3D_RenderTargetSetOutput
 .text.C3D_GetTexEnv
                0x001071f8       0x34 /opt/devkitpro/libctru/lib/libcitro3d.a(texenv.o)
                0x001071f8                C3D_GetTexEnv
 .text.C3Di_TexEnvBind
                0x0010722c       0x24 /opt/devkitpro/libctru/lib/libcitro3d.a(texenv.o)
                0x0010722c                C3Di_TexEnvBind
 .text.C3D_TexInitWithParams
                0x00107250      0x290 /opt/devkitpro/libctru/lib/libcitro3d.a(texture.o)
                0x00107250                C3D_TexInitWithParams
 .text.C3D_TexBind
                0x001074e0       0x44 /opt/devkitpro/libctru/lib/libcitro3d.a(texture.o)
                0x001074e0                C3D_TexBind
 .text.C3D_TexFlush
                0x00107524       0x44 /opt/devkitpro/libctru/lib/libcitro3d.a(texture.o)
                0x00107524                C3D_TexFlush
 .text.C3D_TexDelete
                0x00107568       0x74 /opt/devkitpro/libctru/lib/libcitro3d.a(texture.o)
                0x00107568                C3D_TexDelete
 .text.C3Di_SetTex
                0x001075dc      0x14c /opt/devkitpro/libctru/lib/libcitro3d.a(texture.o)
                0x001075dc                C3Di_SetTex
 .text.C3D_UpdateUniforms
                0x00107728      0x290 /opt/devkitpro/libctru/lib/libcitro3d.a(uniforms.o)
                0x00107728                C3D_UpdateUniforms
 .text.C3Di_DirtyUniforms
                0x001079b8       0xc0 /opt/devkitpro/libctru/lib/libcitro3d.a(uniforms.o)
                0x001079b8                C3Di_DirtyUniforms
 .text.C3Di_LoadShaderUniforms
                0x00107a78       0xd8 /opt/devkitpro/libctru/lib/libcitro3d.a(uniforms.o)
                0x00107a78                C3Di_LoadShaderUniforms
 .text.C3Di_ClearShaderUniforms
                0x00107b50       0x28 /opt/devkitpro/libctru/lib/libcitro3d.a(uniforms.o)
                0x00107b50                C3Di_ClearShaderUniforms
 .text.Mtx_Ortho
                0x00107b78       0xcc /opt/devkitpro/libctru/lib/libcitro3d.a(mtx_ortho.o)
                0x00107b78                Mtx_Ortho
 .text.Mtx_OrthoTilt
                0x00107c44       0xcc /opt/devkitpro/libctru/lib/libcitro3d.a(mtx_orthotilt.o)
                0x00107c44                Mtx_OrthoTilt
 .text._ZL21addrMapNodeComparatorPK11rbtree_nodeS1_
                0x00107d10       0x24 /opt/devkitpro/libctru/lib/libctru.a(linear.o)
 .text._ZL21addrMapNodeDestructorP11rbtree_node
                0x00107d34        0x4 /opt/devkitpro/libctru/lib/libctru.a(linear.o)
 .text.linearMemAlign
                0x00107d38      0x12c /opt/devkitpro/libctru/lib/libctru.a(linear.o)
                0x00107d38                linearMemAlign
 .text.linearAlloc
                0x00107e64        0x8 /opt/devkitpro/libctru/lib/libctru.a(linear.o)
                0x00107e64                linearAlloc
 .text.linearFree
                0x00107e6c       0x5c /opt/devkitpro/libctru/lib/libctru.a(linear.o)
                0x00107e6c                linearFree
 .text._ZN7MemPool13CoalesceRightEP8MemBlock
                0x00107ec8       0x88 /opt/devkitpro/libctru/lib/libctru.a(mem_pool.o)
                0x00107ec8                MemPool::CoalesceRight(MemBlock*)
 .text._ZN7MemPool8AllocateER8MemChunkmi
                0x00107f50      0x178 /opt/devkitpro/libctru/lib/libctru.a(mem_pool.o)
                0x00107f50                MemPool::Allocate(MemChunk&, unsigned long, int)
 .text._ZN7MemPool10DeallocateERK8MemChunk
                0x001080c8      0x118 /opt/devkitpro/libctru/lib/libctru.a(mem_pool.o)
                0x001080c8                MemPool::Deallocate(MemChunk const&)
 .text._ZN7MemPool12GetFreeSpaceEv
                0x001081e0       0x30 /opt/devkitpro/libctru/lib/libctru.a(mem_pool.o)
                0x001081e0                MemPool::GetFreeSpace()
 .text._ZL21addrMapNodeComparatorPK11rbtree_nodeS1_
                0x00108210       0x24 /opt/devkitpro/libctru/lib/libctru.a(vram.o)
 .text._ZL21addrMapNodeDestructorP11rbtree_node
                0x00108234        0x4 /opt/devkitpro/libctru/lib/libctru.a(vram.o)
 .text.vramMemAlignAt
                0x00108238      0x248 /opt/devkitpro/libctru/lib/libctru.a(vram.o)
                0x00108238                vramMemAlignAt
 .text.vramAlloc
                0x00108480        0xc /opt/devkitpro/libctru/lib/libctru.a(vram.o)
                0x00108480                vramAlloc
 .text.vramAllocAt
                0x0010848c        0xc /opt/devkitpro/libctru/lib/libctru.a(vram.o)
                0x0010848c                vramAllocAt
 .text.vramFree
                0x00108498       0x94 /opt/devkitpro/libctru/lib/libctru.a(vram.o)
                0x00108498                vramFree
 .text.consoleDrawChar
                0x0010852c      0x1c8 /opt/devkitpro/libctru/lib/libctru.a(console.o)
                0x0010852c                consoleDrawChar
 .text.consolePrintChar
                0x001086f4      0x170 /opt/devkitpro/libctru/lib/libctru.a(console.o)
                0x001086f4                consolePrintChar
 .text.con_write
                0x00108864      0xc40 /opt/devkitpro/libctru/lib/libctru.a(console.o)
                0x00108864                con_write
 .text.newRow   0x001094a4      0x110 /opt/devkitpro/libctru/lib/libctru.a(console.o)
 .text.consoleInit
                0x001095b4      0x180 /opt/devkitpro/libctru/lib/libctru.a(console.o)
                0x001095b4                consoleInit
 .text.consoleClear
                0x00109734       0xb8 /opt/devkitpro/libctru/lib/libctru.a(console.o)
                0x00109734                consoleClear
 .text.gfxPresentFramebuffer
                0x001097ec       0xcc /opt/devkitpro/libctru/lib/libctru.a(gfx.o)
 .text.gfxIsWide
                0x001098b8       0x1c /opt/devkitpro/libctru/lib/libctru.a(gfx.o)
                0x001098b8                gfxIsWide
 .text.gfxSetScreenFormat
                0x001098d4       0xf8 /opt/devkitpro/libctru/lib/libctru.a(gfx.o)
                0x001098d4                gfxSetScreenFormat
 .text.gfxSetDoubleBuffering
                0x001099cc       0x10 /opt/devkitpro/libctru/lib/libctru.a(gfx.o)
                0x001099cc                gfxSetDoubleBuffering
 .text.gfxInit  0x001099dc       0xd8 /opt/devkitpro/libctru/lib/libctru.a(gfx.o)
                0x001099dc                gfxInit
 .text.gfxInitDefault
                0x00109ab4       0x10 /opt/devkitpro/libctru/lib/libctru.a(gfx.o)
                0x00109ab4                gfxInitDefault
 .text.gfxExit  0x00109ac4       0xb8 /opt/devkitpro/libctru/lib/libctru.a(gfx.o)
                0x00109ac4                gfxExit
 .text.gfxGetFramebuffer
                0x00109b7c       0xa0 /opt/devkitpro/libctru/lib/libctru.a(gfx.o)
                0x00109b7c                gfxGetFramebuffer
 .text.gfxFlushBuffers
                0x00109c1c      0x100 /opt/devkitpro/libctru/lib/libctru.a(gfx.o)
                0x00109c1c                gfxFlushBuffers
 .text.gfxScreenSwapBuffers
                0x00109d1c       0x28 /opt/devkitpro/libctru/lib/libctru.a(gfx.o)
                0x00109d1c                gfxScreenSwapBuffers
 .text.gfxSwapBuffersGpu
                0x00109d44       0x50 /opt/devkitpro/libctru/lib/libctru.a(gfx.o)
                0x00109d44                gfxSwapBuffersGpu
 .text.osConvertVirtToPhys
                0x00109d94       0x74 /opt/devkitpro/libctru/lib/libctru.a(os.o)
                0x00109d94                osConvertVirtToPhys
 .text.__ctru_speedup_config
                0x00109e08       0x34 /opt/devkitpro/libctru/lib/libctru.a(os.o)
                0x00109e08                __ctru_speedup_config
 .text.GPUCMD_Add
                0x00109e3c      0x13c /opt/devkitpro/libctru/lib/libctru.a(gpu.o)
                0x00109e3c                GPUCMD_Add
 .text.GPUCMD_Split
                0x00109f78       0xb0 /opt/devkitpro/libctru/lib/libctru.a(gpu.o)
                0x00109f78                GPUCMD_Split
 .text.f32tof16
                0x0010a028       0x34 /opt/devkitpro/libctru/lib/libctru.a(gpu.o)
                0x0010a028                f32tof16
 .text.f32tof24
                0x0010a05c       0x34 /opt/devkitpro/libctru/lib/libctru.a(gpu.o)
                0x0010a05c                f32tof24
 .text.f32tof31
                0x0010a090       0x38 /opt/devkitpro/libctru/lib/libctru.a(gpu.o)
                0x0010a090                f32tof31
 .text.GX_BindQueue
                0x0010a0c8       0x10 /opt/devkitpro/libctru/lib/libctru.a(gx.o)
                0x0010a0c8                GX_BindQueue
 .text.GX_ProcessCommandList
                0x0010a0d8       0x7c /opt/devkitpro/libctru/lib/libctru.a(gx.o)
                0x0010a0d8                GX_ProcessCommandList
 .text.GX_MemoryFill
                0x0010a154       0x74 /opt/devkitpro/libctru/lib/libctru.a(gx.o)
                0x0010a154                GX_MemoryFill
 .text.GX_DisplayTransfer
                0x0010a1c8       0x74 /opt/devkitpro/libctru/lib/libctru.a(gx.o)
                0x0010a1c8                GX_DisplayTransfer
 .text.gxCmdQueueDoCommands.part.0
                0x0010a23c       0x64 /opt/devkitpro/libctru/lib/libctru.a(gxqueue.o)
 .text.gxCmdQueueInterrupt
                0x0010a2a0       0xe4 /opt/devkitpro/libctru/lib/libctru.a(gxqueue.o)
                0x0010a2a0                gxCmdQueueInterrupt
 .text.gxCmdQueueClear
                0x0010a384       0x68 /opt/devkitpro/libctru/lib/libctru.a(gxqueue.o)
                0x0010a384                gxCmdQueueClear
 .text.gxCmdQueueAdd
                0x0010a3ec      0x108 /opt/devkitpro/libctru/lib/libctru.a(gxqueue.o)
                0x0010a3ec                gxCmdQueueAdd
 .text.gxCmdQueueRun
                0x0010a4f4       0x80 /opt/devkitpro/libctru/lib/libctru.a(gxqueue.o)
                0x0010a4f4                gxCmdQueueRun
 .text.gxCmdQueueStop
                0x0010a574       0x64 /opt/devkitpro/libctru/lib/libctru.a(gxqueue.o)
                0x0010a574                gxCmdQueueStop
 .text.gxCmdQueueWait
                0x0010a5d8       0x8c /opt/devkitpro/libctru/lib/libctru.a(gxqueue.o)
                0x0010a5d8                gxCmdQueueWait
 .text.shaderInstanceInit
                0x0010a664      0x1e0 /opt/devkitpro/libctru/lib/libctru.a(shaderProgram.o)
                0x0010a664                shaderInstanceInit
 .text.shaderInstanceGetUniformLocation
                0x0010a844       0x18 /opt/devkitpro/libctru/lib/libctru.a(shaderProgram.o)
                0x0010a844                shaderInstanceGetUniformLocation
 .text.shaderProgramInit
                0x0010a85c       0x1c /opt/devkitpro/libctru/lib/libctru.a(shaderProgram.o)
                0x0010a85c                shaderProgramInit
 .text.shaderProgramFree
                0x0010a878       0x74 /opt/devkitpro/libctru/lib/libctru.a(shaderProgram.o)
                0x0010a878                shaderProgramFree
 .text.shaderProgramSetVsh
                0x0010a8ec       0x94 /opt/devkitpro/libctru/lib/libctru.a(shaderProgram.o)
                0x0010a8ec                shaderProgramSetVsh
 .text.shaderProgramConfigure
                0x0010a980      0x8d0 /opt/devkitpro/libctru/lib/libctru.a(shaderProgram.o)
                0x0010a980                shaderProgramConfigure
 .text.DVLE_GenerateOutmap.part.0
                0x0010b250      0x1dc /opt/devkitpro/libctru/lib/libctru.a(shbin.o)
 .text.DVLB_ParseFile
                0x0010b42c      0x1ac /opt/devkitpro/libctru/lib/libctru.a(shbin.o)
                0x0010b42c                DVLB_ParseFile
 .text.DVLB_Free
                0x0010b5d8       0x50 /opt/devkitpro/libctru/lib/libctru.a(shbin.o)
                0x0010b5d8                DVLB_Free
 .text.DVLE_GetUniformRegister
                0x0010b628       0x74 /opt/devkitpro/libctru/lib/libctru.a(shbin.o)
                0x0010b628                DVLE_GetUniformRegister
 .text.ndspUpdateMaster
                0x0010b69c      0x158 /opt/devkitpro/libctru/lib/libctru.a(ndsp.o)
 *fill*         0x0010b7f4        0x4 
 .text.ndspFinalize
                0x0010b7f8      0x108 /opt/devkitpro/libctru/lib/libctru.a(ndsp.o)
 .text.ndspInitialize.part.0
                0x0010b900      0x254 /opt/devkitpro/libctru/lib/libctru.a(ndsp.o)
 .text.ndspHookCallback
                0x0010bb54      0x108 /opt/devkitpro/libctru/lib/libctru.a(ndsp.o)
 *fill*         0x0010bc5c        0x4 
 .text.ndspThreadMain
                0x0010bc60      0x318 /opt/devkitpro/libctru/lib/libctru.a(ndsp.o)
 .text.ndspInit
                0x0010bf78      0x3f0 /opt/devkitpro/libctru/lib/libctru.a(ndsp.o)
                0x0010bf78                ndspInit
 .text.ndspExit
                0x0010c368       0xd8 /opt/devkitpro/libctru/lib/libctru.a(ndsp.o)
                0x0010c368                ndspExit
 .text.ndspSetOutputMode
                0x0010c440       0x34 /opt/devkitpro/libctru/lib/libctru.a(ndsp.o)
                0x0010c440                ndspSetOutputMode
 .text.ndspChnReset
                0x0010c474       0xe0 /opt/devkitpro/libctru/lib/libctru.a(ndsp-channel.o)
                0x0010c474                ndspChnReset
 .text.ndspChnGetSamplePos
                0x0010c554       0x18 /opt/devkitpro/libctru/lib/libctru.a(ndsp-channel.o)
                0x0010c554                ndspChnGetSamplePos
 .text.ndspChnSetFormat
                0x0010c56c       0x18 /opt/devkitpro/libctru/lib/libctru.a(ndsp-channel.o)
                0x0010c56c                ndspChnSetFormat
 .text.ndspChnSetPaused
                0x0010c584       0x50 /opt/devkitpro/libctru/lib/libctru.a(ndsp-channel.o)
                0x0010c584                ndspChnSetPaused
 .text.ndspChnSetInterp
                0x0010c5d4       0x50 /opt/devkitpro/libctru/lib/libctru.a(ndsp-channel.o)
                0x0010c5d4                ndspChnSetInterp
 .text.ndspChnSetRate
                0x0010c624       0x60 /opt/devkitpro/libctru/lib/libctru.a(ndsp-channel.o)
                0x0010c624                ndspChnSetRate
 .text.ndspChnSetMix
                0x0010c684       0x80 /opt/devkitpro/libctru/lib/libctru.a(ndsp-channel.o)
                0x0010c684                ndspChnSetMix
 .text.ndspChnWaveBufClear
                0x0010c704       0xb0 /opt/devkitpro/libctru/lib/libctru.a(ndsp-channel.o)
                0x0010c704                ndspChnWaveBufClear
 .text.ndspChnWaveBufAdd
                0x0010c7b4       0xc8 /opt/devkitpro/libctru/lib/libctru.a(ndsp-channel.o)
                0x0010c7b4                ndspChnWaveBufAdd
 .text.ndspiInitChn
                0x0010c87c       0x40 /opt/devkitpro/libctru/lib/libctru.a(ndsp-channel.o)
                0x0010c87c                ndspiInitChn
 .text.ndspiDirtyChn
                0x0010c8bc       0x2c /opt/devkitpro/libctru/lib/libctru.a(ndsp-channel.o)
                0x0010c8bc                ndspiDirtyChn
 .text.ndspiUpdateChn
                0x0010c8e8      0x43c /opt/devkitpro/libctru/lib/libctru.a(ndsp-channel.o)
                0x0010c8e8                ndspiUpdateChn
 .text.ndspiReadChnState
                0x0010cd24      0x180 /opt/devkitpro/libctru/lib/libctru.a(ndsp-channel.o)
                0x0010cd24                ndspiReadChnState
 .text.aptConvertScreenForCapture
                0x0010cea4      0x180 /opt/devkitpro/libctru/lib/libctru.a(apt.o)
 .text.aptSendCommand
                0x0010d024      0x138 /opt/devkitpro/libctru/lib/libctru.a(apt.o)
                0x0010d024                aptSendCommand
 *fill*         0x0010d15c        0x4 
 .text.aptExitProcess
                0x0010d160       0x44 /opt/devkitpro/libctru/lib/libctru.a(apt.o)
 .text.aptExit  0x0010d1a4      0x394 /opt/devkitpro/libctru/lib/libctru.a(apt.o)
                0x0010d1a4                aptExit
 .text.aptHandleSleep
                0x0010d538       0xd8 /opt/devkitpro/libctru/lib/libctru.a(apt.o)
                0x0010d538                aptHandleSleep
 .text.aptHook  0x0010d610       0x34 /opt/devkitpro/libctru/lib/libctru.a(apt.o)
                0x0010d610                aptHook
 .text.aptUnhook
                0x0010d644       0x30 /opt/devkitpro/libctru/lib/libctru.a(apt.o)
                0x0010d644                aptUnhook
 .text.APT_SleepIfShellClosed
                0x0010d674       0x84 /opt/devkitpro/libctru/lib/libctru.a(apt.o)
                0x0010d674                APT_SleepIfShellClosed
 .text.aptSetSleepAllowed
                0x0010d6f8       0x78 /opt/devkitpro/libctru/lib/libctru.a(apt.o)
                0x0010d6f8                aptSetSleepAllowed
 .text.APT_UnlockTransition
                0x0010d770       0x84 /opt/devkitpro/libctru/lib/libctru.a(apt.o)
                0x0010d770                APT_UnlockTransition
 *fill*         0x0010d7f4        0x4 
 .text.aptEventHandler
                0x0010d7f8      0x470 /opt/devkitpro/libctru/lib/libctru.a(apt.o)
 .text.APT_ReceiveParameter
                0x0010dc68       0xbc /opt/devkitpro/libctru/lib/libctru.a(apt.o)
                0x0010dc68                APT_ReceiveParameter
 .text.aptReceiveParameter.constprop.0
                0x0010dd24       0xb0 /opt/devkitpro/libctru/lib/libctru.a(apt.o)
 *fill*         0x0010ddd4        0x4 
 .text.aptScreenTransfer
                0x0010ddd8      0x294 /opt/devkitpro/libctru/lib/libctru.a(apt.o)
 .text.aptWaitForWakeUp.isra.0
                0x0010e06c      0x2d0 /opt/devkitpro/libctru/lib/libctru.a(apt.o)
 .text.aptJumpToHomeMenu
                0x0010e33c       0xf4 /opt/devkitpro/libctru/lib/libctru.a(apt.o)
                0x0010e33c                aptJumpToHomeMenu
 .text.aptMainLoop
                0x0010e430       0x58 /opt/devkitpro/libctru/lib/libctru.a(apt.o)
                0x0010e430                aptMainLoop
 .text.aptInit  0x0010e488      0x240 /opt/devkitpro/libctru/lib/libctru.a(apt.o)
                0x0010e488                aptInit
 .text.APT_CheckNew3DS
                0x0010e6c8       0x90 /opt/devkitpro/libctru/lib/libctru.a(apt.o)
                0x0010e6c8                APT_CheckNew3DS
 .text.cfguInit
                0x0010e758       0xa8 /opt/devkitpro/libctru/lib/libctru.a(cfgu.o)
                0x0010e758                cfguInit
 .text.cfguExit
                0x0010e800       0x3c /opt/devkitpro/libctru/lib/libctru.a(cfgu.o)
                0x0010e800                cfguExit
 .text.CFGU_GetConfigInfoBlk2
                0x0010e83c       0x4c /opt/devkitpro/libctru/lib/libctru.a(cfgu.o)
                0x0010e83c                CFGU_GetConfigInfoBlk2
 .text.DSP_LoadComponent.part.0
                0x0010e888       0xa4 /opt/devkitpro/libctru/lib/libctru.a(dsp.o)
 .text.dspInit  0x0010e92c       0xfc /opt/devkitpro/libctru/lib/libctru.a(dsp.o)
                0x0010e92c                dspInit
 .text.dspExit  0x0010ea28       0x8c /opt/devkitpro/libctru/lib/libctru.a(dsp.o)
                0x0010ea28                dspExit
 .text.dspHook  0x0010eab4       0x24 /opt/devkitpro/libctru/lib/libctru.a(dsp.o)
                0x0010eab4                dspHook
 .text.dspUnhook
                0x0010ead8       0x30 /opt/devkitpro/libctru/lib/libctru.a(dsp.o)
                0x0010ead8                dspUnhook
 .text.aptDspSleep
                0x0010eb08       0xb4 /opt/devkitpro/libctru/lib/libctru.a(dsp.o)
                0x0010eb08                aptDspSleep
 .text.aptDspWakeup
                0x0010ebbc       0xb4 /opt/devkitpro/libctru/lib/libctru.a(dsp.o)
                0x0010ebbc                aptDspWakeup
 .text.aptDspCancel
                0x0010ec70       0x44 /opt/devkitpro/libctru/lib/libctru.a(dsp.o)
                0x0010ec70                aptDspCancel
 .text.DSP_FlushDataCache
                0x0010ecb4       0x50 /opt/devkitpro/libctru/lib/libctru.a(dsp.o)
                0x0010ecb4                DSP_FlushDataCache
 .text.DSP_SetSemaphore
                0x0010ed04       0x34 /opt/devkitpro/libctru/lib/libctru.a(dsp.o)
                0x0010ed04                DSP_SetSemaphore
 .text.DSP_SetSemaphoreMask
                0x0010ed38       0x34 /opt/devkitpro/libctru/lib/libctru.a(dsp.o)
                0x0010ed38                DSP_SetSemaphoreMask
 .text.DSP_GetSemaphoreHandle
                0x0010ed6c       0x38 /opt/devkitpro/libctru/lib/libctru.a(dsp.o)
                0x0010ed6c                DSP_GetSemaphoreHandle
 .text.DSP_LoadComponent
                0x0010eda4       0x3c /opt/devkitpro/libctru/lib/libctru.a(dsp.o)
                0x0010eda4                DSP_LoadComponent
 .text.DSP_RegisterInterruptEvents
                0x0010ede0       0x44 /opt/devkitpro/libctru/lib/libctru.a(dsp.o)
                0x0010ede0                DSP_RegisterInterruptEvents
 .text.DSP_ReadPipeIfPossible
                0x0010ee24       0x78 /opt/devkitpro/libctru/lib/libctru.a(dsp.o)
                0x0010ee24                DSP_ReadPipeIfPossible
 .text.DSP_WriteProcessPipe
                0x0010ee9c       0x4c /opt/devkitpro/libctru/lib/libctru.a(dsp.o)
                0x0010ee9c                DSP_WriteProcessPipe
 .text.DSP_ConvertProcessAddressFromDspDram
                0x0010eee8       0x44 /opt/devkitpro/libctru/lib/libctru.a(dsp.o)
                0x0010eee8                DSP_ConvertProcessAddressFromDspDram
 .text.DSP_RecvData
                0x0010ef2c       0x44 /opt/devkitpro/libctru/lib/libctru.a(dsp.o)
                0x0010ef2c                DSP_RecvData
 .text.DSP_RecvDataIsReady
                0x0010ef70       0x50 /opt/devkitpro/libctru/lib/libctru.a(dsp.o)
                0x0010ef70                DSP_RecvDataIsReady
 .text.fsInit   0x0010efc0      0x104 /opt/devkitpro/libctru/lib/libctru.a(fs.o)
                0x0010efc0                fsInit
 .text.fsExit   0x0010f0c4       0x3c /opt/devkitpro/libctru/lib/libctru.a(fs.o)
                0x0010f0c4                fsExit
 .text.fsExemptFromSession
                0x0010f100       0x68 /opt/devkitpro/libctru/lib/libctru.a(fs.o)
                0x0010f100                fsExemptFromSession
 .text.fsUnexemptFromSession
                0x0010f168       0x50 /opt/devkitpro/libctru/lib/libctru.a(fs.o)
                0x0010f168                fsUnexemptFromSession
 .text.FSUSER_OpenFile
                0x0010f1b8       0xcc /opt/devkitpro/libctru/lib/libctru.a(fs.o)
                0x0010f1b8                FSUSER_OpenFile
 .text.FSUSER_OpenFileDirectly
                0x0010f284       0xcc /opt/devkitpro/libctru/lib/libctru.a(fs.o)
                0x0010f284                FSUSER_OpenFileDirectly
 .text.FSUSER_DeleteFile
                0x0010f350       0xb8 /opt/devkitpro/libctru/lib/libctru.a(fs.o)
                0x0010f350                FSUSER_DeleteFile
 .text.FSUSER_RenameFile
                0x0010f408       0xf4 /opt/devkitpro/libctru/lib/libctru.a(fs.o)
                0x0010f408                FSUSER_RenameFile
 .text.FSUSER_DeleteDirectory
                0x0010f4fc       0xb8 /opt/devkitpro/libctru/lib/libctru.a(fs.o)
                0x0010f4fc                FSUSER_DeleteDirectory
 .text.FSUSER_CreateFile
                0x0010f5b4       0xd0 /opt/devkitpro/libctru/lib/libctru.a(fs.o)
                0x0010f5b4                FSUSER_CreateFile
 .text.FSUSER_CreateDirectory
                0x0010f684       0xc0 /opt/devkitpro/libctru/lib/libctru.a(fs.o)
                0x0010f684                FSUSER_CreateDirectory
 .text.FSUSER_RenameDirectory
                0x0010f744       0xf4 /opt/devkitpro/libctru/lib/libctru.a(fs.o)
                0x0010f744                FSUSER_RenameDirectory
 .text.FSUSER_OpenDirectory
                0x0010f838       0xb4 /opt/devkitpro/libctru/lib/libctru.a(fs.o)
                0x0010f838                FSUSER_OpenDirectory
 .text.FSUSER_OpenArchive
                0x0010f8ec       0x90 /opt/devkitpro/libctru/lib/libctru.a(fs.o)
                0x0010f8ec                FSUSER_OpenArchive
 .text.FSUSER_CloseArchive
                0x0010f97c       0x8c /opt/devkitpro/libctru/lib/libctru.a(fs.o)
                0x0010f97c                FSUSER_CloseArchive
 .text.FSUSER_GetSdmcArchiveResource
                0x0010fa08       0x74 /opt/devkitpro/libctru/lib/libctru.a(fs.o)
                0x0010fa08                FSUSER_GetSdmcArchiveResource
 .text.FSUSER_IsSdmcWritable
                0x0010fa7c       0x64 /opt/devkitpro/libctru/lib/libctru.a(fs.o)
                0x0010fa7c                FSUSER_IsSdmcWritable
 .text.FSFILE_Read
                0x0010fae0       0x64 /opt/devkitpro/libctru/lib/libctru.a(fs.o)
                0x0010fae0                FSFILE_Read
 .text.FSFILE_Write
                0x0010fb44       0x6c /opt/devkitpro/libctru/lib/libctru.a(fs.o)
                0x0010fb44                FSFILE_Write
 .text.FSFILE_GetSize
                0x0010fbb0       0x44 /opt/devkitpro/libctru/lib/libctru.a(fs.o)
                0x0010fbb0                FSFILE_GetSize
 .text.FSFILE_SetSize
                0x0010fbf4       0x28 /opt/devkitpro/libctru/lib/libctru.a(fs.o)
                0x0010fbf4                FSFILE_SetSize
 .text.FSFILE_Close
                0x0010fc1c       0x3c /opt/devkitpro/libctru/lib/libctru.a(fs.o)
                0x0010fc1c                FSFILE_Close
 .text.FSFILE_Flush
                0x0010fc58       0x24 /opt/devkitpro/libctru/lib/libctru.a(fs.o)
                0x0010fc58                FSFILE_Flush
 .text.FSDIR_Read
                0x0010fc7c       0x60 /opt/devkitpro/libctru/lib/libctru.a(fs.o)
                0x0010fc7c                FSDIR_Read
 .text.FSDIR_Close
                0x0010fcdc       0x3c /opt/devkitpro/libctru/lib/libctru.a(fs.o)
                0x0010fcdc                FSDIR_Close
 .text.gspHardwareInit
                0x0010fd18      0xc70 /opt/devkitpro/libctru/lib/libctru.a(gspgpu.o)
 .text.gspInit  0x00110988      0x280 /opt/devkitpro/libctru/lib/libctru.a(gspgpu.o)
                0x00110988                gspInit
 .text.gspExit  0x00110c08      0x110 /opt/devkitpro/libctru/lib/libctru.a(gspgpu.o)
                0x00110c08                gspExit
 .text.gspHasGpuRight
                0x00110d18       0x10 /opt/devkitpro/libctru/lib/libctru.a(gspgpu.o)
                0x00110d18                gspHasGpuRight
 .text.gspPresentBuffer
                0x00110d28       0xa4 /opt/devkitpro/libctru/lib/libctru.a(gspgpu.o)
                0x00110d28                gspPresentBuffer
 .text.gspSetEventCallback
                0x00110dcc       0x30 /opt/devkitpro/libctru/lib/libctru.a(gspgpu.o)
                0x00110dcc                gspSetEventCallback
 .text.gspWaitForEvent
                0x00110dfc       0x50 /opt/devkitpro/libctru/lib/libctru.a(gspgpu.o)
                0x00110dfc                gspWaitForEvent
 .text.gspWaitForAnyEvent
                0x00110e4c       0x4c /opt/devkitpro/libctru/lib/libctru.a(gspgpu.o)
                0x00110e4c                gspWaitForAnyEvent
 .text.gspEventThreadMain
                0x00110e98      0x154 /opt/devkitpro/libctru/lib/libctru.a(gspgpu.o)
 .text.gspSubmitGxCommand
                0x00110fec      0x12c /opt/devkitpro/libctru/lib/libctru.a(gspgpu.o)
                0x00110fec                gspSubmitGxCommand
 .text.GSPGPU_FlushDataCache
                0x00111118       0x50 /opt/devkitpro/libctru/lib/libctru.a(gspgpu.o)
                0x00111118                GSPGPU_FlushDataCache
 .text.GSPGPU_SetLcdForceBlack
                0x00111168       0x34 /opt/devkitpro/libctru/lib/libctru.a(gspgpu.o)
                0x00111168                GSPGPU_SetLcdForceBlack
 .text.GSPGPU_AcquireRight
                0x0011119c       0x80 /opt/devkitpro/libctru/lib/libctru.a(gspgpu.o)
                0x0011119c                GSPGPU_AcquireRight
 .text.GSPGPU_ReleaseRight
                0x0011121c       0x5c /opt/devkitpro/libctru/lib/libctru.a(gspgpu.o)
                0x0011121c                GSPGPU_ReleaseRight
 .text.GSPGPU_ImportDisplayCaptureInfo
                0x00111278       0x7c /opt/devkitpro/libctru/lib/libctru.a(gspgpu.o)
                0x00111278                GSPGPU_ImportDisplayCaptureInfo
 .text.GSPGPU_SaveVramSysArea
                0x001112f4       0x2c /opt/devkitpro/libctru/lib/libctru.a(gspgpu.o)
                0x001112f4                GSPGPU_SaveVramSysArea
 .text.GSPGPU_RestoreVramSysArea
                0x00111320       0x2c /opt/devkitpro/libctru/lib/libctru.a(gspgpu.o)
                0x00111320                GSPGPU_RestoreVramSysArea
 .text.hidShouldUseIrrst
                0x0011134c       0x24 /opt/devkitpro/libctru/lib/libctru.a(hid.o)
                0x0011134c                hidShouldUseIrrst
 .text.hidInit  0x00111370      0x1cc /opt/devkitpro/libctru/lib/libctru.a(hid.o)
                0x00111370                hidInit
 .text.hidExit  0x0011153c       0xe8 /opt/devkitpro/libctru/lib/libctru.a(hid.o)
                0x0011153c                hidExit
 .text.hidScanInput
                0x00111624      0x2a0 /opt/devkitpro/libctru/lib/libctru.a(hid.o)
                0x00111624                hidScanInput
 .text.hidKeysDown
                0x001118c4       0x10 /opt/devkitpro/libctru/lib/libctru.a(hid.o)
                0x001118c4                hidKeysDown
 .text.irrstInit
                0x001118d4      0x1a4 /opt/devkitpro/libctru/lib/libctru.a(irrst.o)
                0x001118d4                irrstInit
 .text.irrstExit
                0x00111a78       0xdc /opt/devkitpro/libctru/lib/libctru.a(irrst.o)
                0x00111a78                irrstExit
 .text.irrstScanInput
                0x00111b54       0xb4 /opt/devkitpro/libctru/lib/libctru.a(irrst.o)
                0x00111b54                irrstScanInput
 .text.irrstKeysHeld
                0x00111c08       0x24 /opt/devkitpro/libctru/lib/libctru.a(irrst.o)
                0x00111c08                irrstKeysHeld
 .text.ptmSysmInit
                0x00111c2c       0x78 /opt/devkitpro/libctru/lib/libctru.a(ptmsysm.o)
                0x00111c2c                ptmSysmInit
 .text.ptmSysmExit
                0x00111ca4       0x3c /opt/devkitpro/libctru/lib/libctru.a(ptmsysm.o)
                0x00111ca4                ptmSysmExit
 .text.PTMSYSM_ConfigureNew3DSCPU
                0x00111ce0       0x34 /opt/devkitpro/libctru/lib/libctru.a(ptmsysm.o)
                0x00111ce0                PTMSYSM_ConfigureNew3DSCPU
 .text.rbtree_find
                0x00111d14       0x74 /opt/devkitpro/libctru/lib/libctru.a(rbtree_find.o)
                0x00111d14                rbtree_find
 .text.rbtree_init
                0x00111d88       0x10 /opt/devkitpro/libctru/lib/libctru.a(rbtree_init.o)
                0x00111d88                rbtree_init
 .text.do_insert
                0x00111d98      0x198 /opt/devkitpro/libctru/lib/libctru.a(rbtree_insert.o)
 .text.rbtree_insert
                0x00111f30        0x8 /opt/devkitpro/libctru/lib/libctru.a(rbtree_insert.o)
                0x00111f30                rbtree_insert
 .text.rbtree_remove
                0x00111f38      0x310 /opt/devkitpro/libctru/lib/libctru.a(rbtree_remove.o)
                0x00111f38                rbtree_remove
 .text.rbtree_rotate
                0x00112248       0x90 /opt/devkitpro/libctru/lib/libctru.a(rbtree_rotate.o)
                0x00112248                rbtree_rotate
 .text.__system_allocateHeaps
                0x001122d8      0x1e8 /opt/devkitpro/libctru/lib/libctru.a(allocateHeaps.o)
                0x001122d8                __system_allocateHeaps
 .text.__libctru_init
                0x001124c0       0x38 /opt/devkitpro/libctru/lib/libctru.a(ctru_init.o)
                0x001124c0                __libctru_init
 .text.__system_initArgv
                0x001124f8      0x16c /opt/devkitpro/libctru/lib/libctru.a(initArgv.o)
                0x001124f8                __system_initArgv
 .text.__syscall_getreent
                0x00112664       0x30 /opt/devkitpro/libctru/lib/libctru.a(syscalls.o)
                0x00112664                __syscall_getreent
 .text.__syscall_lock_acquire
                0x00112694        0x4 /opt/devkitpro/libctru/lib/libctru.a(syscalls.o)
                0x00112694                __syscall_lock_acquire
 .text.__syscall_lock_release
                0x00112698        0x4 /opt/devkitpro/libctru/lib/libctru.a(syscalls.o)
                0x00112698                __syscall_lock_release
 .text.__syscall_lock_acquire_recursive
                0x0011269c        0x4 /opt/devkitpro/libctru/lib/libctru.a(syscalls.o)
                0x0011269c                __syscall_lock_acquire_recursive
 .text.__syscall_lock_release_recursive
                0x001126a0        0x4 /opt/devkitpro/libctru/lib/libctru.a(syscalls.o)
                0x001126a0                __syscall_lock_release_recursive
 .text.__syscall_exit
                0x001126a4        0x4 /opt/devkitpro/libctru/lib/libctru.a(syscalls.o)
                0x001126a4                __syscall_exit
 .text.initThreadVars
                0x001126a8       0x54 /opt/devkitpro/libctru/lib/libctru.a(syscalls.o)
                0x001126a8                initThreadVars
 .text.__system_initSyscalls
                0x001126fc       0x80 /opt/devkitpro/libctru/lib/libctru.a(syscalls.o)
                0x001126fc                __system_initSyscalls
 .text.svcControlMemory
                0x0011277c       0x20 /opt/devkitpro/libctru/lib/libctru.a(svc.o)
                0x0011277c                svcControlMemory
 .text.svcQueryMemory
                0x0011279c       0x30 /opt/devkitpro/libctru/lib/libctru.a(svc.o)
                0x0011279c                svcQueryMemory
 .text.svcExitProcess
                0x001127cc        0x8 /opt/devkitpro/libctru/lib/libctru.a(svc.o)
                0x001127cc                svcExitProcess
 .text.svcCreateThread
                0x001127d4       0x20 /opt/devkitpro/libctru/lib/libctru.a(svc.o)
                0x001127d4                svcCreateThread
 .text.svcExitThread
                0x001127f4        0x8 /opt/devkitpro/libctru/lib/libctru.a(svc.o)
                0x001127f4                svcExitThread
 .text.svcSleepThread
                0x001127fc        0x8 /opt/devkitpro/libctru/lib/libctru.a(svc.o)
                0x001127fc                svcSleepThread
 .text.svcReleaseMutex
                0x00112804        0x8 /opt/devkitpro/libctru/lib/libctru.a(svc.o)
                0x00112804                svcReleaseMutex
 .text.svcCreateEvent
                0x0011280c       0x14 /opt/devkitpro/libctru/lib/libctru.a(svc.o)
                0x0011280c                svcCreateEvent
 .text.svcSignalEvent
                0x00112820        0x8 /opt/devkitpro/libctru/lib/libctru.a(svc.o)
                0x00112820                svcSignalEvent
 .text.svcClearEvent
                0x00112828        0x8 /opt/devkitpro/libctru/lib/libctru.a(svc.o)
                0x00112828                svcClearEvent
 .text.svcMapMemoryBlock
                0x00112830        0x8 /opt/devkitpro/libctru/lib/libctru.a(svc.o)
                0x00112830                svcMapMemoryBlock
 .text.svcUnmapMemoryBlock
                0x00112838        0x8 /opt/devkitpro/libctru/lib/libctru.a(svc.o)
                0x00112838                svcUnmapMemoryBlock
 .text.svcCreateAddressArbiter
                0x00112840       0x14 /opt/devkitpro/libctru/lib/libctru.a(svc.o)
                0x00112840                svcCreateAddressArbiter
 .text.svcArbitrateAddressNoTimeout
                0x00112854        0x8 /opt/devkitpro/libctru/lib/libctru.a(svc.o)
                0x00112854                svcArbitrateAddressNoTimeout
 .text.svcCloseHandle
                0x0011285c        0x8 /opt/devkitpro/libctru/lib/libctru.a(svc.o)
                0x0011285c                svcCloseHandle
 .text.svcWaitSynchronization
                0x00112864        0x8 /opt/devkitpro/libctru/lib/libctru.a(svc.o)
                0x00112864                svcWaitSynchronization
 .text.svcWaitSynchronizationN
                0x0011286c       0x28 /opt/devkitpro/libctru/lib/libctru.a(svc.o)
                0x0011286c                svcWaitSynchronizationN
 .text.svcDuplicateHandle
                0x00112894       0x14 /opt/devkitpro/libctru/lib/libctru.a(svc.o)
                0x00112894                svcDuplicateHandle
 .text.svcGetSystemTick
                0x001128a8        0x8 /opt/devkitpro/libctru/lib/libctru.a(svc.o)
                0x001128a8                svcGetSystemTick
 .text.svcConnectToPort
                0x001128b0       0x14 /opt/devkitpro/libctru/lib/libctru.a(svc.o)
                0x001128b0                svcConnectToPort
 .text.svcSendSyncRequest
                0x001128c4        0x8 /opt/devkitpro/libctru/lib/libctru.a(svc.o)
                0x001128c4                svcSendSyncRequest
 .text.svcGetResourceLimit
                0x001128cc       0x14 /opt/devkitpro/libctru/lib/libctru.a(svc.o)
                0x001128cc                svcGetResourceLimit
 .text.svcGetResourceLimitLimitValues
                0x001128e0        0x8 /opt/devkitpro/libctru/lib/libctru.a(svc.o)
                0x001128e0                svcGetResourceLimitLimitValues
 .text.svcGetResourceLimitCurrentValues
                0x001128e8        0x8 /opt/devkitpro/libctru/lib/libctru.a(svc.o)
                0x001128e8                svcGetResourceLimitCurrentValues
 .text.svcBreak
                0x001128f0        0x8 /opt/devkitpro/libctru/lib/libctru.a(svc.o)
                0x001128f0                svcBreak
 .text.initSystem
                0x001128f8       0x50 /opt/devkitpro/libctru/lib/libctru.a(stack_adjust.o)
                0x001128f8                initSystem
 .text.__ctru_exit
                0x00112948       0x14 /opt/devkitpro/libctru/lib/libctru.a(stack_adjust.o)
                0x00112948                __ctru_exit
 .text.envGetHandle
                0x0011295c       0x8c /opt/devkitpro/libctru/lib/libctru.a(env.o)
                0x0011295c                envGetHandle
 .text.envDestroyHandles
                0x001129e8       0x50 /opt/devkitpro/libctru/lib/libctru.a(env.o)
                0x001129e8                envDestroyHandles
 .text.srvInit  0x00112a38      0x164 /opt/devkitpro/libctru/lib/libctru.a(srv.o)
                0x00112a38                srvInit
 .text.srvExit  0x00112b9c       0x64 /opt/devkitpro/libctru/lib/libctru.a(srv.o)
                0x00112b9c                srvExit
 .text.srvEnableNotification
                0x00112c00       0x60 /opt/devkitpro/libctru/lib/libctru.a(srv.o)
                0x00112c00                srvEnableNotification
 .text.srvGetServiceHandleDirect
                0x00112c60       0xa0 /opt/devkitpro/libctru/lib/libctru.a(srv.o)
                0x00112c60                srvGetServiceHandleDirect
 .text.srvGetServiceHandle
                0x00112d00       0x48 /opt/devkitpro/libctru/lib/libctru.a(srv.o)
                0x00112d00                srvGetServiceHandle
 .text.srvSubscribe
                0x00112d48       0x34 /opt/devkitpro/libctru/lib/libctru.a(srv.o)
                0x00112d48                srvSubscribe
 .text.srvReceiveNotification
                0x00112d7c       0x60 /opt/devkitpro/libctru/lib/libctru.a(srv.o)
                0x00112d7c                srvReceiveNotification
 .text.srvPublishToSubscriber
                0x00112ddc       0x38 /opt/devkitpro/libctru/lib/libctru.a(srv.o)
                0x00112ddc                srvPublishToSubscriber
 .text.__sync_init
                0x00112e14        0xc /opt/devkitpro/libctru/lib/libctru.a(synchronization.o)
                0x00112e14                __sync_init
 .text.__sync_fini
                0x00112e20       0x18 /opt/devkitpro/libctru/lib/libctru.a(synchronization.o)
                0x00112e20                __sync_fini
 .text.syncArbitrateAddress
                0x00112e38       0x28 /opt/devkitpro/libctru/lib/libctru.a(synchronization.o)
                0x00112e38                syncArbitrateAddress
 .text.LightLock_Init
                0x00112e60       0x1c /opt/devkitpro/libctru/lib/libctru.a(synchronization.o)
                0x00112e60                LightLock_Init
 .text.LightLock_Lock
                0x00112e7c       0xac /opt/devkitpro/libctru/lib/libctru.a(synchronization.o)
                0x00112e7c                LightLock_Lock
 .text.LightLock_Unlock
                0x00112f28       0x40 /opt/devkitpro/libctru/lib/libctru.a(synchronization.o)
                0x00112f28                LightLock_Unlock
 .text.RecursiveLock_Lock
                0x00112f68       0x54 /opt/devkitpro/libctru/lib/libctru.a(synchronization.o)
                0x00112f68                RecursiveLock_Lock
 .text.RecursiveLock_Unlock
                0x00112fbc       0x54 /opt/devkitpro/libctru/lib/libctru.a(synchronization.o)
                0x00112fbc                RecursiveLock_Unlock
 .text.LightEvent_Init
                0x00113010       0x44 /opt/devkitpro/libctru/lib/libctru.a(synchronization.o)
                0x00113010                LightEvent_Init
 .text.LightEvent_Clear
                0x00113054       0xb8 /opt/devkitpro/libctru/lib/libctru.a(synchronization.o)
                0x00113054                LightEvent_Clear
 .text.LightEvent_Signal
                0x0011310c       0xdc /opt/devkitpro/libctru/lib/libctru.a(synchronization.o)
                0x0011310c                LightEvent_Signal
 .text.LightEvent_TryWait
                0x001131e8       0x50 /opt/devkitpro/libctru/lib/libctru.a(synchronization.o)
                0x001131e8                LightEvent_TryWait
 .text.LightEvent_Wait
                0x00113238       0xac /opt/devkitpro/libctru/lib/libctru.a(synchronization.o)
                0x00113238                LightEvent_Wait
 .text.threadCreate
                0x001132e4      0x1fc /opt/devkitpro/libctru/lib/libctru.a(thread.o)
                0x001132e4                threadCreate
 .text.threadFree
                0x001134e0       0x38 /opt/devkitpro/libctru/lib/libctru.a(thread.o)
                0x001134e0                threadFree
 .text.threadJoin
                0x00113518       0x24 /opt/devkitpro/libctru/lib/libctru.a(thread.o)
                0x00113518                threadJoin
 .text.threadGetCurrent
                0x0011353c       0x30 /opt/devkitpro/libctru/lib/libctru.a(thread.o)
                0x0011353c                threadGetCurrent
 .text.threadExit
                0x0011356c       0x40 /opt/devkitpro/libctru/lib/libctru.a(thread.o)
                0x0011356c                threadExit
 .text._thread_begin
                0x001135ac       0x20 /opt/devkitpro/libctru/lib/libctru.a(thread.o)
 .text.mappableFindAddressWithin
                0x001135cc       0x90 /opt/devkitpro/libctru/lib/libctru.a(mappable.o)
 .text.mappableInit
                0x0011365c       0x28 /opt/devkitpro/libctru/lib/libctru.a(mappable.o)
                0x0011365c                mappableInit
 .text.mappableAlloc
                0x00113684       0x7c /opt/devkitpro/libctru/lib/libctru.a(mappable.o)
                0x00113684                mappableAlloc
 .text.mappableFree
                0x00113700        0x4 /opt/devkitpro/libctru/lib/libctru.a(mappable.o)
                0x00113700                mappableFree
 .text.srvPmGetSessionHandle
                0x00113704        0xc /opt/devkitpro/libctru/lib/libctru.a(srvpm.o)
                0x00113704                srvPmGetSessionHandle
 .text.rbtree_node_next
                0x00113710       0x60 /opt/devkitpro/libctru/lib/libctru.a(rbtree_iterator.o)
                0x00113710                rbtree_node_next
 .text.__appExit
                0x00113770       0x30 /opt/devkitpro/libctru/lib/libctru.a(appExit.o)
                0x00113770                __appExit
 .text.__appInit
                0x001137a0       0x30 /opt/devkitpro/libctru/lib/libctru.a(appInit.o)
                0x001137a0                __appInit
 .text.__libctru_exit
                0x001137d0       0x90 /opt/devkitpro/libctru/lib/libctru.a(ctru_exit.o)
                0x001137d0                __libctru_exit
 .text.archive_link
                0x00113860       0x14 /opt/devkitpro/libctru/lib/libctru.a(archive_dev.o)
 .text.archive_dirreset
                0x00113874       0x14 /opt/devkitpro/libctru/lib/libctru.a(archive_dev.o)
 .text.archive_chmod
                0x00113888       0x14 /opt/devkitpro/libctru/lib/libctru.a(archive_dev.o)
 .text.error_cmp
                0x0011389c       0x24 /opt/devkitpro/libctru/lib/libctru.a(archive_dev.o)
 .text.archive_translate_error
                0x001138c0       0x50 /opt/devkitpro/libctru/lib/libctru.a(archive_dev.o)
 .text.archive_seek
                0x00113910       0xc0 /opt/devkitpro/libctru/lib/libctru.a(archive_dev.o)
 .text._archiveInit.part.0
                0x001139d0       0x78 /opt/devkitpro/libctru/lib/libctru.a(archive_dev.o)
 .text.archiveFindDevice.part.0
                0x00113a48       0xd4 /opt/devkitpro/libctru/lib/libctru.a(archive_dev.o)
 .text.archive_utf16path
                0x00113b1c      0x298 /opt/devkitpro/libctru/lib/libctru.a(archive_dev.o)
 .text._archiveUnmountDeviceStruct.part.0
                0x00113db4       0x98 /opt/devkitpro/libctru/lib/libctru.a(archive_dev.o)
 .text.archive_statvfs
                0x00113e4c       0x14 /opt/devkitpro/libctru/lib/libctru.a(archive_dev.o)
 .text.archive_fchmod
                0x00113e60       0x14 /opt/devkitpro/libctru/lib/libctru.a(archive_dev.o)
 .text._archiveMountDevice
                0x00113e74      0x178 /opt/devkitpro/libctru/lib/libctru.a(archive_dev.o)
 .text.archive_diropen
                0x00113fec       0xf8 /opt/devkitpro/libctru/lib/libctru.a(archive_dev.o)
 .text.archive_fstat
                0x001140e4       0xac /opt/devkitpro/libctru/lib/libctru.a(archive_dev.o)
 .text.archive_fsync
                0x00114190       0x74 /opt/devkitpro/libctru/lib/libctru.a(archive_dev.o)
 .text.archive_close
                0x00114204       0x74 /opt/devkitpro/libctru/lib/libctru.a(archive_dev.o)
 .text.archive_dirclose
                0x00114278       0x78 /opt/devkitpro/libctru/lib/libctru.a(archive_dev.o)
 .text.sdmc_statvfs
                0x001142f0       0xec /opt/devkitpro/libctru/lib/libctru.a(archive_dev.o)
 .text.archive_chdir
                0x001143dc       0xf8 /opt/devkitpro/libctru/lib/libctru.a(archive_dev.o)
 .text.archive_ftruncate
                0x001144d4       0x8c /opt/devkitpro/libctru/lib/libctru.a(archive_dev.o)
 .text.archive_read
                0x00114560       0xbc /opt/devkitpro/libctru/lib/libctru.a(archive_dev.o)
 .text.archive_unlink
                0x0011461c       0xa8 /opt/devkitpro/libctru/lib/libctru.a(archive_dev.o)
 .text.archive_rmdir
                0x001146c4       0xc0 /opt/devkitpro/libctru/lib/libctru.a(archive_dev.o)
 .text.archive_mkdir
                0x00114784       0xd8 /opt/devkitpro/libctru/lib/libctru.a(archive_dev.o)
 .text.archive_stat
                0x0011485c      0x1a0 /opt/devkitpro/libctru/lib/libctru.a(archive_dev.o)
 .text.archive_dirnext
                0x001149fc      0x164 /opt/devkitpro/libctru/lib/libctru.a(archive_dev.o)
 .text.archive_write
                0x00114b60      0x13c /opt/devkitpro/libctru/lib/libctru.a(archive_dev.o)
 *fill*         0x00114c9c        0x4 
 .text.archive_open
                0x00114ca0      0x254 /opt/devkitpro/libctru/lib/libctru.a(archive_dev.o)
 .text.archive_rename
                0x00114ef4      0x270 /opt/devkitpro/libctru/lib/libctru.a(archive_dev.o)
 .text.archiveMountSdmc
                0x00115164      0x1c8 /opt/devkitpro/libctru/lib/libctru.a(archive_dev.o)
                0x00115164                archiveMountSdmc
 .text.archiveUnmountAll
                0x0011532c       0x54 /opt/devkitpro/libctru/lib/libctru.a(archive_dev.o)
                0x0011532c                archiveUnmountAll
 .text.decode_utf8
                0x00115380      0x140 /opt/devkitpro/libctru/lib/libctru.a(decode_utf8.o)
                0x00115380                decode_utf8
 .text.utf16_to_utf8
                0x001154c0       0xe8 /opt/devkitpro/libctru/lib/libctru.a(utf16_to_utf8.o)
                0x001154c0                utf16_to_utf8
 .text.utf8_to_utf16
                0x001155a8       0xc0 /opt/devkitpro/libctru/lib/libctru.a(utf8_to_utf16.o)
                0x001155a8                utf8_to_utf16
 .text.__aeabi_read_tp
                0x00115668        0xc /opt/devkitpro/libctru/lib/libctru.a(readtp.o)
                0x00115668                __aeabi_read_tp
 .text.decode_utf16
                0x00115674       0x54 /opt/devkitpro/libctru/lib/libctru.a(decode_utf16.o)
                0x00115674                decode_utf16
 .text.encode_utf16
                0x001156c8       0x54 /opt/devkitpro/libctru/lib/libctru.a(encode_utf16.o)
                0x001156c8                encode_utf16
 .text.encode_utf8
                0x0011571c       0xe0 /opt/devkitpro/libctru/lib/libctru.a(encode_utf8.o)
                0x0011571c                encode_utf8
 *fill*         0x001157fc        0x4 
 .text.sinf     0x00115800      0x264 /opt/devkitpro/devkitARM/bin/../lib/gcc/arm-none-eabi/15.1.0/../../../../arm-none-eabi/lib/armv6k/fpu/libm.a(libm_a-sinf.o)
                0x00115800                sinf
 .text.with_errnof
                0x00115a64       0x24 /opt/devkitpro/devkitARM/bin/../lib/gcc/arm-none-eabi/15.1.0/../../../../arm-none-eabi/lib/armv6k/fpu/libm.a(libm_a-math_errf.o)
 .text.__math_invalidf
                0x00115a88       0x1c /opt/devkitpro/devkitARM/bin/../lib/gcc/arm-none-eabi/15.1.0/../../../../arm-none-eabi/lib/armv6k/fpu/libm.a(libm_a-math_errf.o)
                0x00115a88                __math_invalidf
 *fill*         0x00115aa4        0x4 
 .text.cosf     0x00115aa8      0x25c /opt/devkitpro/devkitARM/bin/../lib/gcc/arm-none-eabi/15.1.0/../../../../arm-none-eabi/lib/armv6k/fpu/libm.a(libm_a-cosf.o)
                0x00115aa8                cosf
 .text.__udivmoddi4
                0x00115d04      0x130 /opt/devkitpro/devkitARM/bin/../lib/gcc/arm-none-eabi/15.1.0/armv6k/fpu/libgcc.a(_udivmoddi4.o)
                0x00115d04                __udivmoddi4
 .text.strncmp  0x00115e34       0xd8 /opt/devkitpro/devkitARM/bin/../lib/gcc/arm-none-eabi/15.1.0/../../../../arm-none-eabi/lib/armv6k/fpu/libg.a(libc_a-strncmp.o)
                0x00115e34                strncmp
 .text._fclose_r
                0x00115f0c      0x144 /opt/devkitpro/devkitARM/bin/../lib/gcc/arm-none-eabi/15.1.0/../../../../arm-none-eabi/lib/armv6k/fpu/libg.a(libc_a-fclose.o)
                0x00115f0c                _fclose_r
 .text.fclose   0x00116050       0x20 /opt/devkitpro/devkitARM/bin/../lib/gcc/arm-none-eabi/15.1.0/../../../../arm-none-eabi/lib/armv6k/fpu/libg.a(libc_a-fclose.o)
                0x00116050                fclose
 .text.strlen   0x00116070       0x8c /opt/devkitpro/devkitARM/bin/../lib/gcc/arm-none-eabi/15.1.0/../../../../arm-none-eabi/lib/armv6k/fpu/libg.a(libc_a-strlen.o)
                0x00116070                strlen
 .text.stdio_exit_handler
                0x001160fc       0x1c /opt/devkitpro/devkitARM/bin/../lib/gcc/arm-none-eabi/15.1.0/../../../../arm-none-eabi/lib/armv6k/fpu/libg.a(libc_a-findfp.o)
 .text.cleanup_stdio
                0x00116118       0x5c /opt/devkitpro/devkitARM/bin/../lib/gcc/arm-none-eabi/15.1.0/../../../../arm-none-eabi/lib/armv6k/fpu/libg.a(libc_a-findfp.o)
 .text.global_stdio_init.part.0
                0x00116174      0x154 /opt/devkitpro/devkitARM/bin/../lib/gcc/arm-none-eabi/15.1.0/../../../../arm-none-eabi/lib/armv6k/fpu/libg.a(libc_a-findfp.o)
 .text.__sfp    0x001162c8      0x138 /opt/devkitpro/devkitARM/bin/../lib/gcc/arm-none-eabi/15.1.0/../../../../arm-none-eabi/lib/armv6k/fpu/libg.a(libc_a-findfp.o)
                0x001162c8                __sfp
 .text.__sinit  0x00116400       0x5c /opt/devkitpro/devkitARM/bin/../lib/gcc/arm-none-eabi/15.1.0/../../../../arm-none-eabi/lib/armv6k/fpu/libg.a(libc_a-findfp.o)
                0x00116400                __sinit
 .text.__sfp_lock_acquire
                0x0011645c        0xc /opt/devkitpro/devkitARM/bin/../lib/gcc/arm-none-eabi/15.1.0/../../../../arm-none-eabi/lib/armv6k/fpu/libg.a(libc_a-findfp.o)
                0x0011645c                __sfp_lock_acquire
 .text.__sfp_lock_release
                0x00116468        0xc /opt/devkitpro/devkitARM/bin/../lib/gcc/arm-none-eabi/15.1.0/../../../../arm-none-eabi/lib/armv6k/fpu/libg.a(libc_a-findfp.o)
                0x00116468                __sfp_lock_release
 .text._strtoul_l.isra.0
                0x00116474      0x1ec /opt/devkitpro/devkitARM/bin/../lib/gcc/arm-none-eabi/15.1.0/../../../../arm-none-eabi/lib/armv6k/fpu/libg.a(libc_a-strtoul.o)
 .text.strtoul  0x00116660       0x3c /opt/devkitpro/devkitARM/bin/../lib/gcc/arm-none-eabi/15.1.0/../../../../arm-none-eabi/lib/armv6k/fpu/libg.a(libc_a-strtoul.o)
                0x00116660                strtoul
 .text.__libc_init_array
                0x0011669c       0x84 /opt/devkitpro/devkitARM/bin/../lib/gcc/arm-none-eabi/15.1.0/../../../../arm-none-eabi/lib/armv6k/fpu/libg.a(libc_a-init.o)
                0x0011669c                __libc_init_array
 .text.strncat  0x00116720       0x9c /opt/devkitpro/devkitARM/bin/../lib/gcc/arm-none-eabi/15.1.0/../../../../arm-none-eabi/lib/armv6k/fpu/libg.a(libc_a-strncat.o)
                0x00116720                strncat
 .text._fwalk_sglue
                0x001167bc       0x70 /opt/devkitpro/devkitARM/bin/../lib/gcc/arm-none-eabi/15.1.0/../../../../arm-none-eabi/lib/armv6k/fpu/libg.a(libc_a-fwalk.o)
                0x001167bc                _fwalk_sglue
 .text.bsearch  0x0011682c       0x78 /opt/devkitpro/devkitARM/bin/../lib/gcc/arm-none-eabi/15.1.0/../../../../arm-none-eabi/lib/armv6k/fpu/libg.a(libc_a-bsearch.o)
                0x0011682c                bsearch
 .text.__errno  0x001168a4        0xc /opt/devkitpro/devkitARM/bin/../lib/gcc/arm-none-eabi/15.1.0/../../../../arm-none-eabi/lib/armv6k/fpu/libg.a(libc_a-errno.o)
                0x001168a4                __errno
 .text.calloc   0x001168b0       0x28 /opt/devkitpro/devkitARM/bin/../lib/gcc/arm-none-eabi/15.1.0/../../../../arm-none-eabi/lib/armv6k/fpu/libg.a(libc_a-calloc.o)
                0x001168b0                calloc
 .text.strrchr  0x001168d8       0x48 /opt/devkitpro/devkitARM/bin/../lib/gcc/arm-none-eabi/15.1.0/../../../../arm-none-eabi/lib/armv6k/fpu/libg.a(libc_a-strrchr.o)
                0x001168d8                strrchr
 .text._puts_r  0x00116920       0xe0 /opt/devkitpro/devkitARM/bin/../lib/gcc/arm-none-eabi/15.1.0/../../../../arm-none-eabi/lib/armv6k/fpu/libg.a(libc_a-puts.o)
                0x00116920                _puts_r
 .text.puts     0x00116a00       0x20 /opt/devkitpro/devkitARM/bin/../lib/gcc/arm-none-eabi/15.1.0/../../../../arm-none-eabi/lib/armv6k/fpu/libg.a(libc_a-puts.o)
                0x00116a00                puts
 .text._calloc_r
                0x00116a20       0xd8 /opt/devkitpro/devkitARM/bin/../lib/gcc/arm-none-eabi/15.1.0/../../../../arm-none-eabi/lib/armv6k/fpu/libg.a(libc_a-callocr.o)
                0x00116a20                _calloc_r
 .text._fseek_r
                0x00116af8       0x1c /opt/devkitpro/devkitARM/bin/../lib/gcc/arm-none-eabi/15.1.0/../../../../arm-none-eabi/lib/armv6k/fpu/libg.a(libc_a-fseek.o)
                0x00116af8                _fseek_r
 .text.fseek    0x00116b14       0x34 /opt/devkitpro/devkitARM/bin/../lib/gcc/arm-none-eabi/15.1.0/../../../../arm-none-eabi/lib/armv6k/fpu/libg.a(libc_a-fseek.o)
                0x00116b14                fseek
 .text.memalign
                0x00116b48       0x28 /opt/devkitpro/devkitARM/bin/../lib/gcc/arm-none-eabi/15.1.0/../../../../arm-none-eabi/lib/armv6k/fpu/libg.a(libc_a-malign.o)
                0x00116b48                memalign
 .text.putchar  0x00116b70       0x24 /opt/devkitpro/devkitARM/bin/../lib/gcc/arm-none-eabi/15.1.0/../../../../arm-none-eabi/lib/armv6k/fpu/libg.a(libc_a-putchar.o)
                0x00116b70                putchar
 .text._malloc_r
                0x00116b94      0x82c /opt/devkitpro/devkitARM/bin/../lib/gcc/arm-none-eabi/15.1.0/../../../../arm-none-eabi/lib/armv6k/fpu/libg.a(libc_a-mallocr.o)
                0x00116b94                _malloc_r
 .text._malloc_trim_r
                0x001173c0      0x114 /opt/devkitpro/devkitARM/bin/../lib/gcc/arm-none-eabi/15.1.0/../../../../arm-none-eabi/lib/armv6k/fpu/libg.a(libc_a-freer.o)
                0x001173c0                _malloc_trim_r
 .text._free_r  0x001174d4      0x314 /opt/devkitpro/devkitARM/bin/../lib/gcc/arm-none-eabi/15.1.0/../../../../arm-none-eabi/lib/armv6k/fpu/libg.a(libc_a-freer.o)
                0x001174d4                _free_r
 .text.snprintf
                0x001177e8       0xa0 /opt/devkitpro/devkitARM/bin/../lib/gcc/arm-none-eabi/15.1.0/../../../../arm-none-eabi/lib/armv6k/fpu/libg.a(libc_a-snprintf.o)
                0x001177e8                snprintf
 .text.get_arg  0x00117888      0x5e0 /opt/devkitpro/devkitARM/bin/../lib/gcc/arm-none-eabi/15.1.0/../../../../arm-none-eabi/lib/armv6k/fpu/libg.a(libc_a-svfprintf.o)
 .text._svfprintf_r
                0x00117e68     0x345c /opt/devkitpro/devkitARM/bin/../lib/gcc/arm-none-eabi/15.1.0/../../../../arm-none-eabi/lib/armv6k/fpu/libg.a(libc_a-svfprintf.o)
                0x00117e68                _svfprintf_r
 .text.printf   0x0011b2c4       0x34 /opt/devkitpro/devkitARM/bin/../lib/gcc/arm-none-eabi/15.1.0/../../../../arm-none-eabi/lib/armv6k/fpu/libg.a(libc_a-printf.o)
                0x0011b2c4                printf
 .text.strnlen  0x0011b2f8       0x3c /opt/devkitpro/devkitARM/bin/../lib/gcc/arm-none-eabi/15.1.0/../../../../arm-none-eabi/lib/armv6k/fpu/libg.a(libc_a-strnlen.o)
                0x0011b2f8                strnlen
 .text.malloc   0x0011b334       0x40 /opt/devkitpro/devkitARM/bin/../lib/gcc/arm-none-eabi/15.1.0/../../../../arm-none-eabi/lib/armv6k/fpu/libg.a(libc_a-malloc.o)
                0x0011b334                malloc
 .text.free     0x0011b374       0x20 /opt/devkitpro/devkitARM/bin/../lib/gcc/arm-none-eabi/15.1.0/../../../../arm-none-eabi/lib/armv6k/fpu/libg.a(libc_a-malloc.o)
                0x0011b374                free
 .text.__sflush_r
                0x0011b394      0x22c /opt/devkitpro/devkitARM/bin/../lib/gcc/arm-none-eabi/15.1.0/../../../../arm-none-eabi/lib/armv6k/fpu/libg.a(libc_a-fflush.o)
                0x0011b394                __sflush_r
 .text._fflush_r
                0x0011b5c0       0xc4 /opt/devkitpro/devkitARM/bin/../lib/gcc/arm-none-eabi/15.1.0/../../../../arm-none-eabi/lib/armv6k/fpu/libg.a(libc_a-fflush.o)
                0x0011b5c0                _fflush_r
 .text.memset   0x0011b684       0xe4 /opt/devkitpro/devkitARM/bin/../lib/gcc/arm-none-eabi/15.1.0/../../../../arm-none-eabi/lib/armv6k/fpu/libg.a(libc_a-memset.o)
                0x0011b684                memset
 .text._fread_r
                0x0011b768      0x334 /opt/devkitpro/devkitARM/bin/../lib/gcc/arm-none-eabi/15.1.0/../../../../arm-none-eabi/lib/armv6k/fpu/libg.a(libc_a-fread.o)
                0x0011b768                _fread_r
 .text.fread    0x0011ba9c       0x38 /opt/devkitpro/devkitARM/bin/../lib/gcc/arm-none-eabi/15.1.0/../../../../arm-none-eabi/lib/armv6k/fpu/libg.a(libc_a-fread.o)
                0x0011ba9c                fread
 .text.__malloc_lock
                0x0011bad4        0xc /opt/devkitpro/devkitARM/bin/../lib/gcc/arm-none-eabi/15.1.0/../../../../arm-none-eabi/lib/armv6k/fpu/libg.a(libc_a-mlock.o)
                0x0011bad4                __malloc_lock
 .text.__malloc_unlock
                0x0011bae0        0xc /opt/devkitpro/devkitARM/bin/../lib/gcc/arm-none-eabi/15.1.0/../../../../arm-none-eabi/lib/armv6k/fpu/libg.a(libc_a-mlock.o)
                0x0011bae0                __malloc_unlock
 .text.__call_exitprocs
                0x0011baec        0x4 /opt/devkitpro/devkitARM/bin/../lib/gcc/arm-none-eabi/15.1.0/../../../../arm-none-eabi/lib/armv6k/fpu/libg.a(libc_a-exit.o)
                0x0011baec                __call_exitprocs
 .text.exit     0x0011baf0       0x30 /opt/devkitpro/devkitARM/bin/../lib/gcc/arm-none-eabi/15.1.0/../../../../arm-none-eabi/lib/armv6k/fpu/libg.a(libc_a-exit.o)
                0x0011baf0                exit
 .text.setvbuf  0x0011bb20      0x294 /opt/devkitpro/devkitARM/bin/../lib/gcc/arm-none-eabi/15.1.0/../../../../arm-none-eabi/lib/armv6k/fpu/libg.a(libc_a-setvbuf.o)
                0x0011bb20                setvbuf
 .text._fopen_r
                0x0011bdb4      0x134 /opt/devkitpro/devkitARM/bin/../lib/gcc/arm-none-eabi/15.1.0/../../../../arm-none-eabi/lib/armv6k/fpu/libg.a(libc_a-fopen.o)
                0x0011bdb4                _fopen_r
 .text.fopen    0x0011bee8       0x28 /opt/devkitpro/devkitARM/bin/../lib/gcc/arm-none-eabi/15.1.0/../../../../arm-none-eabi/lib/armv6k/fpu/libg.a(libc_a-fopen.o)
                0x0011bee8                fopen
 .text.strncpy  0x0011bf10       0xd4 /opt/devkitpro/devkitARM/bin/../lib/gcc/arm-none-eabi/15.1.0/../../../../arm-none-eabi/lib/armv6k/fpu/libg.a(libc_a-strncpy.o)
                0x0011bf10                strncpy
 .text.ftell    0x0011bfe4       0x34 /opt/devkitpro/devkitARM/bin/../lib/gcc/arm-none-eabi/15.1.0/../../../../arm-none-eabi/lib/armv6k/fpu/libg.a(libc_a-ftell.o)
                0x0011bfe4                ftell
 .text.memcpy   0x0011c018      0x12c /opt/devkitpro/devkitARM/bin/../lib/gcc/arm-none-eabi/15.1.0/../../../../arm-none-eabi/lib/armv6k/fpu/libg.a(libc_a-memcpy-stub.o)
                0x0011c018                memcpy
 .text._wcsrtombs_r
                0x0011c144       0x28 /opt/devkitpro/devkitARM/bin/../lib/gcc/arm-none-eabi/15.1.0/../../../../arm-none-eabi/lib/armv6k/fpu/libg.a(libc_a-wcsrtombs.o)
                0x0011c144                _wcsrtombs_r
 *fill*         0x0011c16c        0x4 
 .text.frexp    0x0011c170       0x88 /opt/devkitpro/devkitARM/bin/../lib/gcc/arm-none-eabi/15.1.0/../../../../arm-none-eabi/lib/armv6k/fpu/libg.a(libm_a-s_frexp.o)
                0x0011c170                frexp
 .text.__sfvwrite_r
                0x0011c1f8      0x4a4 /opt/devkitpro/devkitARM/bin/../lib/gcc/arm-none-eabi/15.1.0/../../../../arm-none-eabi/lib/armv6k/fpu/libg.a(libc_a-fvwrite.o)
                0x0011c1f8                __sfvwrite_r
 .text.strchr   0x0011c69c      0x140 /opt/devkitpro/devkitARM/bin/../lib/gcc/arm-none-eabi/15.1.0/../../../../arm-none-eabi/lib/armv6k/fpu/libg.a(libc_a-strchr.o)
                0x0011c69c                strchr
 .text.__sread  0x0011c7dc       0x44 /opt/devkitpro/devkitARM/bin/../lib/gcc/arm-none-eabi/15.1.0/../../../../arm-none-eabi/lib/armv6k/fpu/libg.a(libc_a-stdio.o)
                0x0011c7dc                __sread
 .text.__swrite
                0x0011c820       0x68 /opt/devkitpro/devkitARM/bin/../lib/gcc/arm-none-eabi/15.1.0/../../../../arm-none-eabi/lib/armv6k/fpu/libg.a(libc_a-stdio.o)
                0x0011c820                __swrite
 .text.__sseek  0x0011c888       0x40 /opt/devkitpro/devkitARM/bin/../lib/gcc/arm-none-eabi/15.1.0/../../../../arm-none-eabi/lib/armv6k/fpu/libg.a(libc_a-stdio.o)
                0x0011c888                __sseek
 .text.__sclose
                0x0011c8c8        0x8 /opt/devkitpro/devkitARM/bin/../lib/gcc/arm-none-eabi/15.1.0/../../../../arm-none-eabi/lib/armv6k/fpu/libg.a(libc_a-stdio.o)
                0x0011c8c8                __sclose
 .text.memmove  0x0011c8d0      0x16c /opt/devkitpro/devkitARM/bin/../lib/gcc/arm-none-eabi/15.1.0/../../../../arm-none-eabi/lib/armv6k/fpu/libg.a(libc_a-memmove.o)
                0x0011c8d0                memmove
 .text.__locale_mb_cur_max
                0x0011ca3c       0x24 /opt/devkitpro/devkitARM/bin/../lib/gcc/arm-none-eabi/15.1.0/../../../../arm-none-eabi/lib/armv6k/fpu/libg.a(libc_a-locale.o)
                0x0011ca3c                __locale_mb_cur_max
 .text.__ssprint_r
                0x0011ca60       0xa4 /opt/devkitpro/devkitARM/bin/../lib/gcc/arm-none-eabi/15.1.0/../../../../arm-none-eabi/lib/armv6k/fpu/libg.a(libc_a-ssprint_r.o)
                0x0011ca60                __ssprint_r
 .text._memalign_r
                0x0011cb04      0x16c /opt/devkitpro/devkitARM/bin/../lib/gcc/arm-none-eabi/15.1.0/../../../../arm-none-eabi/lib/armv6k/fpu/libg.a(libc_a-malignr.o)
                0x0011cb04                _memalign_r
 .text._wcsnrtombs_l
                0x0011cc70      0x15c /opt/devkitpro/devkitARM/bin/../lib/gcc/arm-none-eabi/15.1.0/../../../../arm-none-eabi/lib/armv6k/fpu/libg.a(libc_a-wcsnrtombs.o)
                0x0011cc70                _wcsnrtombs_l
 .text._wcsnrtombs_r
                0x0011cdcc       0x64 /opt/devkitpro/devkitARM/bin/../lib/gcc/arm-none-eabi/15.1.0/../../../../arm-none-eabi/lib/armv6k/fpu/libg.a(libc_a-wcsnrtombs.o)
                0x0011cdcc                _wcsnrtombs_r
 .text._putc_r  0x0011ce30       0xfc /opt/devkitpro/devkitARM/bin/../lib/gcc/arm-none-eabi/15.1.0/../../../../arm-none-eabi/lib/armv6k/fpu/libg.a(libc_a-putc.o)
                0x0011ce30                _putc_r
 .text.__utf8_mbtowc
                0x0011cf2c      0x340 /opt/devkitpro/devkitARM/bin/../lib/gcc/arm-none-eabi/15.1.0/../../../../arm-none-eabi/lib/armv6k/fpu/libg.a(libc_a-mbtowc_r.o)
                0x0011cf2c                __utf8_mbtowc
 .text._fseeko_r
                0x0011d26c      0x588 /opt/devkitpro/devkitARM/bin/../lib/gcc/arm-none-eabi/15.1.0/../../../../arm-none-eabi/lib/armv6k/fpu/libg.a(libc_a-fseeko.o)
                0x0011d26c                _fseeko_r
 .text._localeconv_r
                0x0011d7f4       0x24 /opt/devkitpro/devkitARM/bin/../lib/gcc/arm-none-eabi/15.1.0/../../../../arm-none-eabi/lib/armv6k/fpu/libg.a(libc_a-localeconv.o)
                0x0011d7f4                _localeconv_r
 .text.get_arg  0x0011d818      0x5e0 /opt/devkitpro/devkitARM/bin/../lib/gcc/arm-none-eabi/15.1.0/../../../../arm-none-eabi/lib/armv6k/fpu/libg.a(libc_a-vfprintf.o)
 .text._vfprintf_r
                0x0011ddf8     0x3554 /opt/devkitpro/devkitARM/bin/../lib/gcc/arm-none-eabi/15.1.0/../../../../arm-none-eabi/lib/armv6k/fpu/libg.a(libc_a-vfprintf.o)
                0x0011ddf8                _vfprintf_r
 .text.__sbprintf
                0x0012134c       0xb4 /opt/devkitpro/devkitARM/bin/../lib/gcc/arm-none-eabi/15.1.0/../../../../arm-none-eabi/lib/armv6k/fpu/libg.a(libc_a-vfprintf.o)
 .text.memchr   0x00121400       0xe8 /opt/devkitpro/devkitARM/bin/../lib/gcc/arm-none-eabi/15.1.0/../../../../arm-none-eabi/lib/armv6k/fpu/libg.a(libc_a-memchr-stub.o)
                0x00121400                memchr
 .text.quorem   0x001214e8      0x1c0 /opt/devkitpro/devkitARM/bin/../lib/gcc/arm-none-eabi/15.1.0/../../../../arm-none-eabi/lib/armv6k/fpu/libg.a(libc_a-dtoa.o)
 .text._dtoa_r  0x001216a8     0x13f0 /opt/devkitpro/devkitARM/bin/../lib/gcc/arm-none-eabi/15.1.0/../../../../arm-none-eabi/lib/armv6k/fpu/libg.a(libc_a-dtoa.o)
                0x001216a8                _dtoa_r
 .text._wcrtomb_r
                0x00122a98       0xa0 /opt/devkitpro/devkitARM/bin/../lib/gcc/arm-none-eabi/15.1.0/../../../../arm-none-eabi/lib/armv6k/fpu/libg.a(libc_a-wcrtomb.o)
                0x00122a98                _wcrtomb_r
 .text.__sflags
                0x00122b38       0xb8 /opt/devkitpro/devkitARM/bin/../lib/gcc/arm-none-eabi/15.1.0/../../../../arm-none-eabi/lib/armv6k/fpu/libg.a(libc_a-flags.o)
                0x00122b38                __sflags
 .text.__libc_fini_array
                0x00122bf0       0x3c /opt/devkitpro/devkitARM/bin/../lib/gcc/arm-none-eabi/15.1.0/../../../../arm-none-eabi/lib/armv6k/fpu/libg.a(libc_a-fini.o)
                0x00122bf0                __libc_fini_array
 .text.lflush   0x00122c2c       0x38 /opt/devkitpro/devkitARM/bin/../lib/gcc/arm-none-eabi/15.1.0/../../../../arm-none-eabi/lib/armv6k/fpu/libg.a(libc_a-refill.o)
 .text.__srefill_r
                0x00122c64      0x1a8 /opt/devkitpro/devkitARM/bin/../lib/gcc/arm-none-eabi/15.1.0/../../../../arm-none-eabi/lib/armv6k/fpu/libg.a(libc_a-refill.o)
                0x00122c64                __srefill_r
 .text.__smakebuf_r
                0x00122e0c      0x164 /opt/devkitpro/devkitARM/bin/../lib/gcc/arm-none-eabi/15.1.0/../../../../arm-none-eabi/lib/armv6k/fpu/libg.a(libc_a-makebuf.o)
                0x00122e0c                __smakebuf_r
 .text.__swhatbuf_r
                0x00122f70       0x90 /opt/devkitpro/devkitARM/bin/../lib/gcc/arm-none-eabi/15.1.0/../../../../arm-none-eabi/lib/armv6k/fpu/libg.a(libc_a-makebuf.o)
                0x00122f70                __swhatbuf_r
 .text._realloc_r
                0x00123000      0x4f0 /opt/devkitpro/devkitARM/bin/../lib/gcc/arm-none-eabi/15.1.0/../../../../arm-none-eabi/lib/armv6k/fpu/libg.a(libc_a-reallocr.o)
                0x00123000                _realloc_r
 .text.__ssputs_r
                0x001234f0      0x12c /opt/devkitpro/devkitARM/bin/../lib/gcc/arm-none-eabi/15.1.0/../../../../arm-none-eabi/lib/armv6k/fpu/libg.a(libc_a-ssputs_r.o)
                0x001234f0                __ssputs_r
 .text._ftello_r
                0x0012361c      0x1c4 /opt/devkitpro/devkitARM/bin/../lib/gcc/arm-none-eabi/15.1.0/../../../../arm-none-eabi/lib/armv6k/fpu/libg.a(libc_a-ftello.o)
                0x0012361c                _ftello_r
 .text.__utf8_wctomb
                0x001237e0       0xf8 /opt/devkitpro/devkitARM/bin/../lib/gcc/arm-none-eabi/15.1.0/../../../../arm-none-eabi/lib/armv6k/fpu/libg.a(libc_a-wctomb_r.o)
                0x001237e0                __utf8_wctomb